2026-05-25 18:41:10,468 [INFO    ] footnote_manager: Crossref 쿼리: 'susan sontag, "the decay of cinema," the new york times, feb'
2026-05-25 18:41:10,478 [INFO    ] footnote_manager: Crossref 쿼리: 'francesco casetti, the lumière galaxy: seven key words for t'
2026-05-25 18:41:10,485 [INFO    ] footnote_manager: Crossref 쿼리: 'casetti, the lumière galaxy, 41.'
2026-05-25 18:41:10,492 [INFO    ] footnote_manager: Crossref 쿼리: '김지훈, 「시네마의 변화와 존속 ― 『뤼미에르 은하계』와 포스트-시네마 연구」, 『현대영화연구』 29, no'
2026-05-25 18:41:10,498 [INFO    ] footnote_manager: Crossref 쿼리: '〈파란만장〉 (night fishing), 감독 박찬경·박찬욱 (2011).'
2026-05-25 18:41:10,505 [INFO    ] footnote_manager: Crossref 쿼리: '유운성, 「위기의 아름다움」, 『씨네21』, 2011년 9월 29일, https://cine21.com/ne'
2026-05-25 18:41:10,512 [INFO    ] footnote_manager: Crossref 쿼리: 'jean-louis baudry, "ideological effects of the basic cinemat'
2026-05-25 18:41:10,518 [INFO    ] footnote_manager: Crossref 쿼리: 'casetti, the lumière galaxy, 41.'
2026-05-25 18:41:10,523 [INFO    ] footnote_manager: Crossref 쿼리: 'john belton, "if film is dead, what is cinema?" screen 55, n'
2026-05-25 18:41:10,529 [INFO    ] footnote_manager: Crossref 쿼리: 'casetti, the lumière galaxy, 32–45.'
2026-05-25 18:41:10,533 [INFO    ] footnote_manager: Crossref 쿼리: '김영리, 「스크린 쿼터제 축소 반대운동을 비판하는 사람들」, 『월간 말』, 2006년 8월호.'
2026-05-25 18:41:10,538 [INFO    ] footnote_manager: Crossref 쿼리: '곽영진, 「스크린쿼터, 그 축소 공방의 논리 지형」, 『paf』 46호, 2004, 80-81. 메이저 영화'
2026-05-25 18:41:10,544 [INFO    ] footnote_manager: Crossref 쿼리: '박찬욱(park chan-wook)과 박찬경(park chan-kyong) 감독이 2011년에 결성한 공동 '
2026-05-25 18:41:10,548 [INFO    ] footnote_manager: Crossref 쿼리: '〈파란만장〉(2011).'
2026-05-25 18:41:10,554 [INFO    ] footnote_manager: Crossref 쿼리: 'casetti, lumière galaxy, 32–45.'
2026-05-25 18:41:10,558 [INFO    ] footnote_manager: Crossref 쿼리: 'hito steyerl, "in defense of the poor image," e-flux journal'
2026-05-25 18:41:10,563 [INFO    ] footnote_manager: Crossref 쿼리: 'gilles deleuze, cinema 2: the time-image (university of minn'
2026-05-25 18:41:10,568 [INFO    ] footnote_manager: Crossref 쿼리: 'casetti, lumière galaxy, 135–148.'
2026-05-25 18:41:10,573 [INFO    ] footnote_manager: Crossref 쿼리: '김지훈, 「다큐멘터리의 확장된 디스포지티프」, 『영화연구』 78호 (2018): 386.'
2026-05-25 18:41:10,579 [INFO    ] footnote_manager: Crossref 쿼리: '맹하경, 「"운동화만 팔다간 망할 수도" 닌텐도·넷플릭스와 경쟁하는 나이키」, 『한국일보』, 2020년 12'
2026-05-25 18:41:10,584 [INFO    ] footnote_manager: Crossref 쿼리: 'casetti, lumière galaxy, 42.'
2026-05-25 18:41:10,590 [INFO    ] footnote_manager: Crossref 쿼리: 'steyerl, "in defense of the poor image," 8.'
2026-05-25 18:41:10,594 [INFO    ] footnote_manager: Crossref 쿼리: 'deleuze, cinéma 2, 145.'
2026-05-25 18:41:10,600 [INFO    ] footnote_manager: Crossref 쿼리: 'casetti, lumière galaxy, 14.'
2026-05-25 18:41:10,605 [INFO    ] footnote_manager: Crossref 쿼리: 'baudry, "ideological effects of the basic cinematographic ap'
2026-05-25 18:41:10,610 [INFO    ] footnote_manager: Crossref 쿼리: '유운성, 「위기의 아름다움」, 『씨네21』.'
2026-05-25 18:41:10,616 [INFO    ] footnote_manager: Crossref 쿼리: '김지훈, 「시네마의 변화와 존속」.'
2026-05-25 18:41:10,621 [INFO    ] footnote_manager: Crossref 쿼리: '김지훈, 「다큐멘터리의 확장된 디스포지티프」, 5–67.'
2026-05-25 18:41:10,626 [INFO    ] footnote_manager: Crossref 쿼리: 'belton, "if film is dead, what is cinema?" 467.'
2026-05-25 18:41:10,632 [INFO    ] footnote_manager: Crossref 쿼리: '기 드보르, 『스펙타클의 사회』, 이경숙 옮김 (서울: 현실문화연구, 1996).'
2026-05-25 18:41:10,637 [INFO    ] footnote_manager: Crossref 쿼리: '이미연, 「디지털 이미지의 정치성: 히토 슈타이얼의 작품과 저작을 경유하여 기 드보르의 실천 전략을 재질문하'
2026-05-25 18:41:10,642 [INFO    ] footnote_manager: Crossref 쿼리: '최소영, 「포스트 디지털 시대의 예술과 이미지 연구 ― 히토 슈타이얼의 빈곤한 이미지 개념을 중심으로」, 『'
2026-05-25 18:41:10,647 [INFO    ] footnote_manager: Crossref 쿼리: '김민경, 「사회적 스크린의 판타스마고리아: 히토 슈타이얼의 이미지 정치 연구」, 서울대학교 대학원 석사학위논'
2026-05-25 18:41:10,653 [INFO    ] footnote_manager: Crossref 쿼리: 'hito steyerl, "in defense of the poor image," e-flux journal'
2026-05-25 18:41:10,658 [INFO    ] footnote_manager: Crossref 쿼리: 'steyerl, "in defense of the poor image," 8.'
2026-05-25 18:41:10,662 [INFO    ] footnote_manager: Crossref 쿼리: '김지훈, 「시네마의 변화와 존속」.'
2026-05-25 18:41:10,667 [INFO    ] footnote_manager: Crossref 쿼리: '박선, 『카메라 소메티카: 포스트-시네마 시대의 회화와 영화』 (서울: 갈무리, 2023), 21–25.'
2026-05-25 18:41:10,674 [INFO    ] footnote_manager: Crossref 쿼리: '자크 데리다, 『마르크스의 유령들』, 진태원 옮김 (서울: 이제이북스, 2012).'
2026-05-25 18:41:10,680 [INFO    ] footnote_manager: Crossref 쿼리: '김지훈, 「시네마의 변화와 존속」.'
2026-05-25 18:41:10,685 [INFO    ] footnote_manager: Crossref 쿼리: 'francesco casetti, "back to the motherland: the film theatre'
2026-05-25 18:41:10,692 [INFO    ] footnote_manager: Crossref 쿼리: '질 들뢰즈·펠릭스 가타리, 『천 개의 고원: 자본주의와 분열증 2』, 김재인 옮김 (서울: 새물결, 2003'
2026-05-25 18:41:10,698 [INFO    ] footnote_manager: Crossref 쿼리: 'casetti, lumière galaxy, 42–45.'
2026-05-25 18:41:10,707 [INFO    ] footnote_manager: Crossref 쿼리: '미셸 푸코, 『헤테로토피아』, 이상길 옮김 (서울: 문학과지성사, 2014), 15–37.'
2026-05-25 18:41:11,065 [INFO    ] footnote_manager: Crossref 쿼리: 'casetti, lumière galaxy, 135–148.'
2026-05-25 18:41:11,589 [INFO    ] footnote_manager: Crossref 쿼리: '푸코, 『헤테로토피아』.'
2026-05-25 18:41:11,682 [INFO    ] footnote_manager: Crossref 쿼리: 'casetti, lumière galaxy, 65–70, 105–110.'
2026-05-25 18:41:11,745 [INFO    ] footnote_manager: Crossref 쿼리: '이 명제는 본 연구의 핵심 가설이자 〈파란만장〉 (parking chance) 사례 분석을 통해 구체적으로 '
2026-05-25 18:41:11,816 [INFO    ] footnote_manager: Crossref 쿼리: '김지훈, 「시네마의 변화와 존속」, 386.'
2026-05-25 18:41:11,863 [INFO    ] footnote_manager: Crossref 쿼리: '이은아, 「관객의 영화 경험에 대한 현상학적 접근: 메를로-퐁티 몸 현상학에 기반한 소브책 영화이론을 중심으'
2026-05-25 18:41:11,892 [INFO    ] footnote_manager: Crossref 쿼리: 'casetti, lumière galaxy, 168–180.'
2026-05-25 18:41:11,967 [INFO    ] footnote_manager: Crossref 쿼리: '들뢰즈·가타리, 『천 개의 고원』, 156–157. 질서와 틀에서 벗어나 새로운 잠재성이나 연결을 창출하는 '
2026-05-25 18:41:12,045 [INFO    ] footnote_manager: Crossref 쿼리: 'deleuze, cinema 2, 156–157. 크리스탈-이미지의 핵심적 작동 방식으로, 관객이 판단할 수'
2026-05-25 18:41:12,084 [INFO    ] footnote_manager: Crossref 쿼리: 'deleuze, cinema 2, 69–70. 순수 시간을 이미지로 직접 현현시킨다.'
2026-05-25 18:41:12,190 [INFO    ] footnote_manager: Crossref 쿼리: 'deleuze, cinema 2. 감각운동적 연접은 지각 → 감정 → 행동으로 자연스럽게 이어지는 흐름이다.'
2026-05-25 18:41:12,311 [INFO    ] footnote_manager: Crossref 쿼리: 'baudry, "ideological effects of the basic cinematographic ap'
2026-05-25 18:41:12,410 [INFO    ] footnote_manager: Crossref 쿼리: 'francesco casetti, "the senses of the place," journal of cin'
2026-05-25 18:41:12,499 [INFO    ] footnote_manager: Crossref 쿼리: 'brian massumi, parables for the virtual: movement, affect, s'
2026-05-25 18:41:12,609 [INFO    ] footnote_manager: Crossref 쿼리: '들뢰즈·가타리, 『천 개의 고원』, 161–162. 개인을 통제하는 기존의 주체성을 벗어나, 탈영토화와 새로'
2026-05-25 18:41:12,760 [INFO    ] footnote_manager: Crossref 쿼리: '박선, 『카메라 소메티카』, 25. 그리스어 '소마(soma, 몸)'에서 알 수 있듯, 시네마가 인간의 신체'
2026-05-25 18:41:12,850 [INFO    ] footnote_manager: Crossref 쿼리: '같은 책, 25. 드헬드 기법과 카메라 소메티카의 결정적인 차이는 '기법(technique)'과 '패러다임('
2026-05-25 18:41:12,967 [INFO    ] footnote_manager: Crossref 쿼리: '〈파란만장〉의 불안정한 이미지를 아이폰이라는 기기의 기술적 한계로 보는 것은 타당하지 않다. kt의 제작 지'
2026-05-25 18:41:13,037 [INFO    ] footnote_manager: Crossref 쿼리: '롤랑 바르트, 『밝은 방: 사진에 관한 노트』, 김웅권 옮김 (서울: 동문선, 2006), 133. 사진의 '
2026-05-25 18:41:13,155 [INFO    ] footnote_manager: Crossref 쿼리: '김예솔비, 「[기획] 미술관과 극장, 교환의 조건들」, 『씨네21』, 2022년 12월 8일, https:/'
2026-05-25 18:41:13,313 [INFO    ] footnote_manager: Crossref 쿼리: '유운성, 「위기의 아름다움」, 『씨네21』. 단순히 장르적 융합이 아닌 두 매체 및 제도의 위기적 교환이라는'
2026-05-25 18:41:13,410 [INFO    ] footnote_manager: Crossref 쿼리: 'brian o'doherty, inside the white cube: the ideology of the '
2026-05-25 18:41:13,562 [INFO    ] footnote_manager: Crossref 쿼리: 'a. l. rees, a history of experimental film and video (london'
2026-05-25 18:41:13,668 [INFO    ] footnote_manager: Crossref 쿼리: 'casetti, lumière galaxy, 21–23. 및 본고 2.4.2. '정동적 수행' 논의.'
2026-05-25 18:41:13,739 [INFO    ] footnote_manager: Crossref 쿼리: ''아이폰으로 찍힌/미술관에 전시된 이미지다'라는 사실을 끊임없이 상기시킨다는 의미로서 사용.'
2026-05-25 18:41:13,830 [INFO    ] footnote_manager: Crossref 쿼리: '박찬욱, 이정현이라는 유명인, sf/호러 요소를 활용한 대중적인 단편 영화의 형태의 상업영화의 겉보기를 갖추'
2026-05-25 18:41:13,961 [INFO    ] footnote_manager: Crossref 쿼리: 'steyerl, "in defense of the poor image," 8.'
2026-05-25 18:41:14,020 [INFO    ] footnote_manager: Crossref 쿼리: 'steyerl, poor image, 8.'
2026-05-25 18:41:14,106 [INFO    ] footnote_manager: Crossref 쿼리: '본 고에서 주장하는 내용이다.'
2026-05-25 18:41:14,180 [INFO    ] footnote_manager: Crossref 쿼리: 'steyerl, "in defense of the poor image," https://www.e-flux.'
2026-05-25 18:41:14,280 [INFO    ] footnote_manager: Crossref 쿼리: '앙드레 바쟁, 『영화란 무엇인가』, 김종원 역 (서울: 문학과지성사, 2000), 25.'
2026-05-25 18:41:14,433 [INFO    ] footnote_manager: Crossref 쿼리: 'steyerl, "in defense of the poor image."'
2026-05-25 18:41:14,520 [INFO    ] footnote_manager: Crossref 쿼리: 'steyerl, "in defense of the poor image."'
2026-05-25 18:41:14,660 [INFO    ] footnote_manager: Crossref 쿼리: 'casetti, lumière galaxy, 21–23. 본 연구에서 정의하는 개념으로, 비표준 기술(아이폰'
2026-05-25 18:41:14,831 [INFO    ] footnote_manager: Crossref 쿼리: '들뢰즈·가타리, 『천 개의 고원』. 본고에서 사용한 '기술-전략적 결합체'는 들뢰즈와 가타리의 '기계적 배치'
2026-05-25 18:41:14,932 [INFO    ] footnote_manager: Crossref 쿼리: '유주연, 「박찬욱 감독의 첫 아이폰영화 파란만장」, 『매일경제』.'
2026-05-25 18:41:15,075 [INFO    ] footnote_manager: Crossref 쿼리: '박찬욱은 제61회 베를린 영화제 황금곰상 단편영화 부문, 제44회 시체스 영화제 오피셜 놉스 비젼 최우수작품'
2026-05-25 18:41:15,327 [INFO    ] footnote_manager: Crossref 쿼리: '막스 호르크하이머·테오도어 w. 아도르노, 『계몽의 변증법: 철학적 단상』, 김유동 옮김 (서울: 문학과지성'
2026-05-25 18:41:15,669 [INFO    ] footnote_manager: Crossref 쿼리: '고티에 테오필, 모팽 양, 권유현 (열림원, 2020).'
2026-05-25 18:41:15,754 [INFO    ] footnote_manager: Crossref 쿼리: '피에르 부르디외, 『구별짓기: 문화적 취향의 사회학 上』, 최종철 옮김 (서울: 새물결, 2005). 부르디'
2026-05-25 18:41:15,916 [INFO    ] footnote_manager: Crossref 쿼리: '성연주, 「청년예술이 상징자본이 될 수 있는가?: 〈서울청년예술단〉 사업에 관한 사례연구」, 『문화와 사회』'
2026-05-25 18:41:15,961 [INFO    ] footnote_manager: Crossref 쿼리: '아이폰 4의 카메라는 작은 센서 크기로 인해 모든 원근이 거의 동시에 초점이 맞게 된다. 아이폰의 아웃포커싱'
2026-05-25 18:41:16,057 [INFO    ] footnote_manager: Crossref 쿼리: 'dslr(digital single-lens reflex camera) 이미지 센서 풀프레임(full fra'
2026-05-25 18:41:16,202 [INFO    ] footnote_manager: Crossref 쿼리: '필름 혹은 이미지 센서의 크기가 작을수록 화각이 좁아지고, 표준 필름과 같은 사이즈의 화각을 촬영하려면 초점'
2026-05-25 18:41:16,312 [INFO    ] footnote_manager: Crossref 쿼리: 'deleuze, cinema 2, 들뢰즈의 시간-이미지 및 크리스탈이미지는 이미지의 우연적 연접과 모든 요소'
2026-05-25 18:41:16,543 [INFO    ] footnote_manager: Crossref 쿼리: '박선, 『카메라 소메티카』. 뉴미디어 시대의 수용자가 스크린 세계를 물리적 현실의 일부로 수용하고 신체와 감'
2026-05-25 18:41:16,754 [INFO    ] footnote_manager: 낮은 신뢰도 (0.00) — 매칭 제외: '김지훈, 「시네마의 변화와 존속 ― 『뤼미에르 은하계』와 포스트-시네마 연구」, 『현대영화'
2026-05-25 18:41:16,775 [INFO    ] footnote_manager: Crossref 쿼리: '이종철, 「아이폰 13 프로로 찍다, 박찬욱 감독 '일장춘몽' 제작 비하인드」, 『바이라인 네트워크』, 20'
2026-05-25 18:41:16,886 [INFO    ] footnote_manager: Crossref 쿼리: '(parking chance, 2011), [19:09], [18:46] 캡처.'
2026-05-25 18:41:16,999 [INFO    ] footnote_manager: 낮은 신뢰도 (0.00) — 매칭 제외: '〈파란만장〉(2011).'
2026-05-25 18:41:17,001 [INFO    ] footnote_manager: Crossref 쿼리: '발터 벤야민, 「기술복제시대의 예술작품」; 들뢰즈, 『시네마 2』 참조. '정동적 충격(affective s'
2026-05-25 18:41:17,125 [INFO    ] footnote_manager: Crossref 쿼리: '(parking chance, 2011), [09:51], [10:47] 캡처.'
2026-05-25 18:41:17,170 [INFO    ] footnote_manager: Crossref 쿼리: '자크 데리다, 『마르크스의 유령들』, 진태원 옮김 (서울: 이제이북스, 2012). 데리다에게 유령(spec'
2026-05-25 18:41:17,251 [WARNING ] footnote_manager: Crossref 네트워크 오류: 429 Client Error: Too Many Requests for url: https://api.crossref.org/works?query=gilles+deleuze%2C+cinema+2%3A+the+time-image+%28university+of+minnesota+press%2C+1989%29.&rows=3
2026-05-25 18:41:17,332 [INFO    ] footnote_manager: Crossref 쿼리: '(parking chance, 2011), [07:10] , [09:19] 캡쳐'
2026-05-25 18:41:17,363 [INFO    ] footnote_manager: 낮은 신뢰도 (0.00) — 매칭 제외: '최소영, 「포스트 디지털 시대의 예술과 이미지 연구 ― 히토 슈타이얼의 빈곤한 이미지 개념'
2026-05-25 18:41:17,364 [WARNING ] footnote_manager: Crossref 네트워크 오류: 429 Client Error: Too Many Requests for url: https://api.crossref.org/works?query=%EA%B9%80%EC%98%81%EB%A6%AC%2C+%E3%80%8C%EC%8A%A4%ED%81%AC%EB%A6%B0+%EC%BF%BC%ED%84%B0%EC%A0%9C+%EC%B6%95%EC%86%8C+%EB%B0%98%EB%8C%80%EC%9A%B4%EB%8F%99%EC%9D%84+%EB%B9%84%ED%8C%90%ED%95%98%EB%8A%94+%EC%82%AC%EB%9E%8C%EB%93%A4%E3%80%8D%2C+%E3%80%8E%EC%9B%94%EA%B0%84+%EB%A7%90%E3%80%8F%2C+2006%EB%85%84+8%EC%9B%94%ED%98%B8.&rows=3
2026-05-25 18:41:17,419 [INFO    ] footnote_manager: Crossref 쿼리: '미셸 푸코, 『헤테로토피아』, 이상길 옮김 (서울: 문학과지성사, 2014). 푸코에게 헤테로토피아는 '타자'
2026-05-25 18:41:17,563 [INFO    ] footnote_manager: Crossref 쿼리: '바쟁, 『영화란 무엇인가』, 25.'
2026-05-25 18:41:17,576 [WARNING ] footnote_manager: Crossref 네트워크 오류: 429 Client Error: Too Many Requests for url: https://api.crossref.org/works?query=%EC%9C%A0%EC%9A%B4%EC%84%B1%2C+%E3%80%8C%EC%9C%84%EA%B8%B0%EC%9D%98+%EC%95%84%EB%A6%84%EB%8B%A4%EC%9B%80%E3%80%8D%2C+%E3%80%8E%EC%94%A8%EB%84%A421%E3%80%8F%2C+2011%EB%85%84+9%EC%9B%94+29%EC%9D%BC%2C+https%3A%2F%2Fcine21.com%2Fnews%2Fview%2F%3Fmag_id%3D66798+%28%EC%A0%91%EC%86%8D%EC%9D%BC%3A+2025%EB%85%84+10%EC%9B%94+1%EC%9D%BC%29.&rows=3
2026-05-25 18:41:17,598 [INFO    ] footnote_manager: 낮은 신뢰도 (0.00) — 매칭 제외: '김지훈, 「시네마의 변화와 존속」.'
2026-05-25 18:41:17,679 [INFO    ] footnote_manager: Crossref 쿼리: 'https://vimeo.com/115480849'
2026-05-25 18:41:17,806 [INFO    ] footnote_manager: Crossref 쿼리: 'casetti, lumière galaxy. 카세티에게 '디스플레이'는 전통적인 스크린의 은유(창, 프레임,'
2026-05-25 18:41:18,018 [INFO    ] footnote_manager: Crossref 쿼리: 'anne friedberg, "the end of cinema: multimedia and technolog'
2026-05-25 18:41:18,159 [INFO    ] footnote_manager: Crossref 쿼리: '들뢰즈·가타리, 『천 개의 고원』.'
2026-05-25 18:41:18,214 [WARNING ] footnote_manager: Crossref 네트워크 오류: 429 Client Error: Too Many Requests for url: https://api.crossref.org/works?query=casetti%2C+the+lumi%C3%A8re+galaxy%2C+41.&rows=3
2026-05-25 18:41:18,230 [INFO    ] footnote_manager: Crossref 쿼리: '같은 책.'
2026-05-25 18:41:18,284 [WARNING ] footnote_manager: Crossref 네트워크 오류: 429 Client Error: Too Many Requests for url: https://api.crossref.org/works?query=%EB%A7%B9%ED%95%98%EA%B2%BD%2C+%E3%80%8C%22%EC%9A%B4%EB%8F%99%ED%99%94%EB%A7%8C+%ED%8C%94%EB%8B%A4%EA%B0%84+%EB%A7%9D%ED%95%A0+%EC%88%98%EB%8F%84%22+%EB%8B%8C%ED%85%90%EB%8F%84%C2%B7%EB%84%B7%ED%94%8C%EB%A6%AD%EC%8A%A4%EC%99%80+%EA%B2%BD%EC%9F%81%ED%95%98%EB%8A%94+%EB%82%98%EC%9D%B4%ED%82%A4%E3%80%8D%2C+%E3%80%8E%ED%95%9C%EA%B5%AD%EC%9D%BC%EB%B3%B4%E3%80%8F%2C+2020%EB%85%84+12%EC%9B%94+2%EC%9D%BC.&rows=3
2026-05-25 18:41:18,285 [WARNING ] footnote_manager: Crossref 네트워크 오류: 429 Client Error: Too Many Requests for url: https://api.crossref.org/works?query=francesco+casetti%2C+the+lumi%C3%A8re+galaxy%3A+seven+key+words+for+the+cinema+to+come%2C+trans.+antonio+somaini+%28new+york%3A+columbia+university+press%2C+2011%29.&rows=3
2026-05-25 18:41:18,285 [WARNING ] footnote_manager: Crossref 네트워크 오류: 429 Client Error: Too Many Requests for url: https://api.crossref.org/works?query=%E3%80%88%ED%8C%8C%EB%9E%80%EB%A7%8C%EC%9E%A5%E3%80%89+%28night+fishing%29%2C+%EA%B0%90%EB%8F%85+%EB%B0%95%EC%B0%AC%EA%B2%BD%C2%B7%EB%B0%95%EC%B0%AC%EC%9A%B1+%282011%29.&rows=3
2026-05-25 18:41:18,378 [WARNING ] footnote_manager: Crossref 네트워크 오류: 429 Client Error: Too Many Requests for url: https://api.crossref.org/works?query=jean-louis+baudry%2C+%22ideological+effects+of+the+basic+cinematographic+apparatus%2C%22+film+quarterly+28%2C+no.+2+%281974%29%3A+39.&rows=3
2026-05-25 18:41:18,382 [WARNING ] footnote_manager: Crossref 네트워크 오류: 429 Client Error: Too Many Requests for url: https://api.crossref.org/works?query=%EA%B9%80%EC%A7%80%ED%9B%88%2C+%E3%80%8C%EB%8B%A4%ED%81%90%EB%A9%98%ED%84%B0%EB%A6%AC%EC%9D%98+%ED%99%95%EC%9E%A5%EB%90%9C+%EB%94%94%EC%8A%A4%ED%8F%AC%EC%A7%80%ED%8B%B0%ED%94%84%E3%80%8D%2C+%E3%80%8E%EC%98%81%ED%99%94%EC%97%B0%EA%B5%AC%E3%80%8F+78%ED%98%B8+%282018%29%3A+386.&rows=3
2026-05-25 18:41:18,395 [WARNING ] footnote_manager: Crossref 네트워크 오류: 429 Client Error: Too Many Requests for url: https://api.crossref.org/works?query=casetti%2C+lumi%C3%A8re+galaxy%2C+32%E2%80%9345.&rows=3
2026-05-25 18:41:18,431 [INFO    ] footnote_manager: Crossref 쿼리: 'kt 홍보라는 태생적 목적 때문에, 이 영화는 최대한 많은 사람이 보는 것이 중요했고, 따라서 온라인 무료 '
2026-05-25 18:41:18,495 [INFO    ] footnote_manager: Crossref 쿼리: '스마트폰으로 영화를 보는 것은 더 이상 '열등한' 경험이 아니라, '친밀하고(intimate)', '사적인('
2026-05-25 18:41:18,532 [WARNING ] footnote_manager: Crossref 네트워크 오류: 429 Client Error: Too Many Requests for url: https://api.crossref.org/works?query=hito+steyerl%2C+%22in+defense+of+the+poor+image%2C%22+e-flux+journal+10+%28november+2009%29.&rows=3
2026-05-25 18:41:18,544 [INFO    ] footnote_manager: Crossref 쿼리: '발터 벤야민, 「기술복제시대의 예술작품」, 『발터 벤야민 선집 2: 기술복제시대의 예술작품/사진의 작은 역사'
2026-05-25 18:41:18,564 [INFO    ] footnote_manager: Crossref 쿼리: 'guillaume python. ©parking chance. production by moho film'
2026-05-25 18:41:18,569 [INFO    ] footnote_manager: 낮은 신뢰도 (0.00) — 매칭 제외: '박선, 『카메라 소메티카: 포스트-시네마 시대의 회화와 영화』 (서울: 갈무리, 2023)'
2026-05-25 18:41:18,574 [WARNING ] footnote_manager: Crossref 네트워크 오류: 429 Client Error: Too Many Requests for url: https://api.crossref.org/works?query=%EC%9C%A0%EC%9A%B4%EC%84%B1%2C+%E3%80%8C%EC%9C%84%EA%B8%B0%EC%9D%98+%EC%95%84%EB%A6%84%EB%8B%A4%EC%9B%80%E3%80%8D%2C+%E3%80%8E%EC%94%A8%EB%84%A421%E3%80%8F.&rows=3
2026-05-25 18:41:18,581 [WARNING ] footnote_manager: Crossref 네트워크 오류: 429 Client Error: Too Many Requests for url: https://api.crossref.org/works?query=casetti%2C+the+lumi%C3%A8re+galaxy%2C+32%E2%80%9345.&rows=3
2026-05-25 18:41:18,593 [INFO    ] footnote_manager: Crossref 쿼리: '유지나, 「〈소공녀〉, 취향의 배치와 탈영토화 여정 연구」, 『씨네포럼』 44호 (2021): 93.'
2026-05-25 18:41:18,686 [INFO    ] footnote_manager: Crossref 쿼리: '서울시립미술관 'highlights' 까르띠에 현대미술재단 소장전, parking chance 인터뷰.'
2026-05-25 18:41:18,711 [WARNING ] footnote_manager: Crossref 네트워크 오류: 429 Client Error: Too Many Requests for url: https://api.crossref.org/works?query=hito+steyerl%2C+%22in+defense+of+the+poor+image%2C%22+e-flux+journal%2C+10%28november+2009%29%2C+https%3A%2F%2Fwww.e-flux.com%2Fjournal%2F10%2F61362%2Fin-defense-of-the-poor-image.&rows=3
2026-05-25 18:41:18,735 [WARNING ] footnote_manager: Crossref 네트워크 오류: 429 Client Error: Too Many Requests for url: https://api.crossref.org/works?query=casetti%2C+lumi%C3%A8re+galaxy%2C+135%E2%80%93148.&rows=3
2026-05-25 18:41:18,841 [INFO    ] footnote_manager: Crossref 쿼리: '본고에서는 j. l. 오스틴(j. l. austin)으로부터 시작되어 확장된 수행(performance) 개'
2026-05-25 18:41:18,870 [WARNING ] footnote_manager: Crossref 네트워크 오류: 429 Client Error: Too Many Requests for url: https://api.crossref.org/works?query=%EC%A7%88+%EB%93%A4%EB%A2%B0%EC%A6%88%C2%B7%ED%8E%A0%EB%A6%AD%EC%8A%A4+%EA%B0%80%ED%83%80%EB%A6%AC%2C+%E3%80%8E%EC%B2%9C+%EA%B0%9C%EC%9D%98+%EA%B3%A0%EC%9B%90%3A+%EC%9E%90%EB%B3%B8%EC%A3%BC%EC%9D%98%EC%99%80+%EB%B6%84%EC%97%B4%EC%A6%9D+2%E3%80%8F%2C+%EA%B9%80%EC%9E%AC%EC%9D%B8+%EC%98%AE%EA%B9%80+%28%EC%84%9C%EC%9A%B8%3A+%EC%83%88%EB%AC%BC%EA%B2%B0%2C+2003%29.&rows=3
2026-05-25 18:41:18,885 [INFO    ] footnote_manager: Crossref 쿼리: 'parking chance, 2011, [29:12] 캡처.'
2026-05-25 18:41:18,906 [INFO    ] footnote_manager: 낮은 신뢰도 (0.00) — 매칭 제외: 'Casetti, The Lumière Galaxy, 41.'
2026-05-25 18:41:18,910 [INFO    ] footnote_manager: 낮은 신뢰도 (0.00) — 매칭 제외: '김지훈, 「시네마의 변화와 존속」.'
2026-05-25 18:41:18,938 [INFO    ] footnote_manager: 낮은 신뢰도 (0.00) — 매칭 제외: '미셸 푸코, 『헤테로토피아』, 이상길 옮김 (서울: 문학과지성사, 2014), 15–37.'
2026-05-25 18:41:18,952 [INFO    ] footnote_manager: 낮은 신뢰도 (0.00) — 매칭 제외: '김민경, 「사회적 스크린의 판타스마고리아: 히토 슈타이얼의 이미지 정치 연구」, 서울대학교'
2026-05-25 18:41:18,975 [WARNING ] footnote_manager: Crossref 네트워크 오류: 429 Client Error: Too Many Requests for url: https://api.crossref.org/works?query=%EA%B8%B0+%EB%93%9C%EB%B3%B4%EB%A5%B4%2C+%E3%80%8E%EC%8A%A4%ED%8E%99%ED%83%80%ED%81%B4%EC%9D%98+%EC%82%AC%ED%9A%8C%E3%80%8F%2C+%EC%9D%B4%EA%B2%BD%EC%88%99+%EC%98%AE%EA%B9%80+%28%EC%84%9C%EC%9A%B8%3A+%ED%98%84%EC%8B%A4%EB%AC%B8%ED%99%94%EC%97%B0%EA%B5%AC%2C+1996%29.&rows=3
2026-05-25 18:41:18,978 [INFO    ] footnote_manager: Crossref 쿼리: 'parking chance, 2011, [ 29:12] 캡처.'
2026-05-25 18:41:18,979 [WARNING ] footnote_manager: Crossref 네트워크 오류: 429 Client Error: Too Many Requests for url: https://api.crossref.org/works?query=%EA%B9%80%EC%A7%80%ED%9B%88%2C+%E3%80%8C%EB%8B%A4%ED%81%90%EB%A9%98%ED%84%B0%EB%A6%AC%EC%9D%98+%ED%99%95%EC%9E%A5%EB%90%9C+%EB%94%94%EC%8A%A4%ED%8F%AC%EC%A7%80%ED%8B%B0%ED%94%84%E3%80%8D%2C+5%E2%80%9367.&rows=3
2026-05-25 18:41:19,061 [WARNING ] footnote_manager: Crossref 네트워크 오류: 429 Client Error: Too Many Requests for url: https://api.crossref.org/works?query=susan+sontag%2C+%22the+decay+of+cinema%2C%22+the+new+york+times%2C+february+25%2C+1996%2C+https%3A%2F%2Fwww.nytimes.com%2F1996%2F02%2F25%2Fmagazine%2Fthe-decay-of-cinema.html+%28%EC%A0%91%EC%86%8D%EC%9D%BC%3A+2025%EB%85%84+10%EC%9B%94+11%EC%9D%BC%29.&rows=3
2026-05-25 18:41:19,096 [INFO    ] footnote_manager: 낮은 신뢰도 (0.00) — 매칭 제외: 'Deleuze, Cinéma 2, 145.'
2026-05-25 18:41:19,109 [INFO    ] footnote_manager: Crossref 쿼리: ''정동적 과잉'은 감각적·정서적 표현을 의미한다. 공포, 멜로드라마, 포르노그래피와 같은 '신체 장르(bod'
2026-05-25 18:41:19,125 [WARNING ] footnote_manager: Crossref 네트워크 오류: 429 Client Error: Too Many Requests for url: https://api.crossref.org/works?query=%EC%9D%B4%EB%AF%B8%EC%97%B0%2C+%E3%80%8C%EB%94%94%EC%A7%80%ED%84%B8+%EC%9D%B4%EB%AF%B8%EC%A7%80%EC%9D%98+%EC%A0%95%EC%B9%98%EC%84%B1%3A+%ED%9E%88%ED%86%A0+%EC%8A%88%ED%83%80%EC%9D%B4%EC%96%BC%EC%9D%98+%EC%9E%91%ED%92%88%EA%B3%BC+%EC%A0%80%EC%9E%91%EC%9D%84+%EA%B2%BD%EC%9C%A0%ED%95%98%EC%97%AC+%EA%B8%B0+%EB%93%9C%EB%B3%B4%EB%A5%B4%EC%9D%98+%EC%8B%A4%EC%B2%9C+%EC%A0%84%EB%9E%B5%EC%9D%84+%EC%9E%AC%EC%A7%88%EB%AC%B8%ED%95%98%EA%B8%B0%E3%80%8D+%2C+%EC%97%B0%EC%84%B8%EB%8C%80%ED%95%99%EA%B5%90+%EC%BB%A4%EB%AE%A4%EB%8B%88%EC%BC%80%EC%9D%B4%EC%85%98%EB%8C%80%ED%95%99%EC%9B%90+%EC%84%9D%EC%82%AC%ED%95%99%EC%9C%84%EB%85%BC%EB%AC%B8+%282019%29.&rows=3
2026-05-25 18:41:19,162 [INFO    ] footnote_manager: Crossref 쿼리: 'parking chance, 2011, [8:39] 캡처.'
2026-05-25 18:41:19,187 [INFO    ] footnote_manager: 낮은 신뢰도 (0.00) — 매칭 제외: '김지훈, 「시네마의 변화와 존속」.'
2026-05-25 18:41:19,263 [INFO    ] footnote_manager: 낮은 신뢰도 (0.00) — 매칭 제외: '자크 데리다, 『마르크스의 유령들』, 진태원 옮김 (서울: 이제이북스, 2012).'
2026-05-25 18:41:19,297 [INFO    ] footnote_manager: Crossref 쿼리: '유지나, 「〈소공녀〉, 취향의 배치와 탈영토화 여정 연구」, 『씨네포럼』 44호 (2021): 93.'
2026-05-25 18:41:19,321 [INFO    ] footnote_manager: 낮은 신뢰도 (0.00) — 매칭 제외: 'Casetti, Lumière Galaxy, 42.'
2026-05-25 18:41:19,346 [WARNING ] footnote_manager: Crossref 네트워크 오류: 429 Client Error: Too Many Requests for url: https://api.crossref.org/works?query=belton%2C+%22if+film+is+dead%2C+what+is+cinema%3F%22+467.&rows=3
2026-05-25 18:41:19,401 [INFO    ] footnote_manager: Crossref 쿼리: 'steyerl, "in defense of the poor image," 8. 이미지의 진실은 원본의 선명함'
2026-05-25 18:41:19,450 [INFO    ] footnote_manager: Crossref 쿼리: '들뢰즈·가타리, 『천 개의 고원』, 452–453. 이들은 '-되기'를 "모방도 아니고 동화도 아니"며, 두'
2026-05-25 18:41:19,493 [INFO    ] footnote_manager: 낮은 신뢰도 (0.00) — 매칭 제외: 'Casetti, Lumière Galaxy, 14.'
2026-05-25 18:41:19,550 [INFO    ] footnote_manager: 낮은 신뢰도 (0.00) — 매칭 제외: 'Casetti, Lumière Galaxy, 135–148.'
2026-05-25 18:41:19,564 [INFO    ] footnote_manager: Crossref 쿼리: '(parking chance, 2011), [29:40] 캡처'
2026-05-25 18:41:19,689 [INFO    ] footnote_manager: Crossref 쿼리: 'steyerl, "in defense of the poor image," 8. 슈타이얼은 이 글에서 이미지의'
2026-05-25 18:41:19,731 [WARNING ] footnote_manager: Crossref 결과 없음: '곽영진, 「스크린쿼터, 그 축소 공방의 논리 지형」, 『paf』 46호, 2004, 80-81. 메이저 영화'
2026-05-25 18:41:19,771 [INFO    ] footnote_manager: 낮은 신뢰도 (0.00) — 매칭 제외: '박찬욱(Park Chan-wook)과 박찬경(Park Chan-kyong) 감독이 2011'
2026-05-25 18:41:19,781 [INFO    ] footnote_manager: Crossref 쿼리: '유지나, 「〈소공녀〉, 취향의 배치와 탈영토화 여정 연구」, 93. 해당 논문은 주인공 미소의 여정을 "남들'
2026-05-25 18:41:19,991 [INFO    ] footnote_manager: 낮은 신뢰도 (0.00) — 매칭 제외: 'Casetti, Lumière Galaxy, 42–45.'
2026-05-25 18:41:20,048 [INFO    ] footnote_manager: 낮은 신뢰도 (0.00) — 매칭 제외: '푸코, 『헤테로토피아』.'
2026-05-25 18:41:20,285 [INFO    ] footnote_manager: 낮은 신뢰도 (0.00) — 매칭 제외: 'Casetti, Lumière Galaxy, 168–180.'
2026-05-25 18:41:20,619 [INFO    ] footnote_manager: 낮은 신뢰도 (0.00) — 매칭 제외: '들뢰즈·가타리, 『천 개의 고원』, 156–157. 질서와 틀에서 벗어나 새로운 잠재성이나'
2026-05-25 18:41:21,476 [INFO    ] footnote_manager: 낮은 신뢰도 (0.00) — 매칭 제외: '이은아, 「관객의 영화 경험에 대한 현상학적 접근: 메를로-퐁티 몸 현상학에 기반한 소브책'
2026-05-25 18:41:21,484 [INFO    ] footnote_manager: 낮은 신뢰도 (0.00) — 매칭 제외: 'Casetti, Lumière Galaxy, 65–70, 105–110.'
2026-05-25 18:41:21,673 [WARNING ] footnote_manager: Crossref 결과 없음: 'deleuze, cinema 2, 156–157. 크리스탈-이미지의 핵심적 작동 방식으로, 관객이 판단할 수'
2026-05-25 18:41:21,815 [WARNING ] footnote_manager: Crossref 네트워크 오류: 429 Client Error: Too Many Requests for url: https://api.crossref.org/works?query=%EC%95%99%EB%93%9C%EB%A0%88+%EB%B0%94%EC%9F%81%2C+%E3%80%8E%EC%98%81%ED%99%94%EB%9E%80+%EB%AC%B4%EC%97%87%EC%9D%B8%EA%B0%80%E3%80%8F%2C+%EA%B9%80%EC%A2%85%EC%9B%90+%EC%97%AD+%28%EC%84%9C%EC%9A%B8%3A+%EB%AC%B8%ED%95%99%EA%B3%BC%EC%A7%80%EC%84%B1%EC%82%AC%2C+2000%29%2C+25.&rows=3
2026-05-25 18:41:21,853 [WARNING ] footnote_manager: Crossref 네트워크 오류: 429 Client Error: Too Many Requests for url: https://api.crossref.org/works?query=casetti%2C+lumi%C3%A8re+galaxy%2C+21%E2%80%9323.+%EB%B0%8F+%EB%B3%B8%EA%B3%A0+2.4.2.+%27%EC%A0%95%EB%8F%99%EC%A0%81+%EC%88%98%ED%96%89%27+%EB%85%BC%EC%9D%98.&rows=3
2026-05-25 18:41:21,885 [WARNING ] footnote_manager: Crossref 네트워크 오류: 429 Client Error: Too Many Requests for url: https://api.crossref.org/works?query=%EB%B0%95%EC%84%A0%2C+%E3%80%8E%EC%B9%B4%EB%A9%94%EB%9D%BC+%EC%86%8C%EB%A9%94%ED%8B%B0%EC%B9%B4%E3%80%8F%2C+25.+%EA%B7%B8%EB%A6%AC%EC%8A%A4%EC%96%B4+%27%EC%86%8C%EB%A7%88%28soma%2C+%EB%AA%B8%29%27%EC%97%90%EC%84%9C+%EC%95%8C+%EC%88%98+%EC%9E%88%EB%93%AF%2C+%EC%8B%9C%EB%84%A4%EB%A7%88%EA%B0%80+%EC%9D%B8%EA%B0%84%EC%9D%98+%EC%8B%A0%EC%B2%B4%EB%A5%BC+%ED%86%B5%ED%95%B4+%EC%84%B8%EA%B3%84%EB%A5%BC+%EA%B0%90%EA%B0%81%ED%95%98%EB%8A%94+%EB%B0%A9%EC%8B%9D%EC%9C%BC%EB%A1%9C+%EC%A0%84%ED%99%98%EB%90%98%EC%97%88%EC%9D%8C%EC%9D%84+%EC%9D%98%EB%AF%B8%ED%95%9C%EB%8B%A4.&rows=3
2026-05-25 18:41:21,895 [INFO    ] footnote_manager: 낮은 신뢰도 (0.00) — 매칭 제외: '들뢰즈·가타리, 『천 개의 고원』, 161–162. 개인을 통제하는 기존의 주체성을 벗어나'
2026-05-25 18:41:21,918 [WARNING ] footnote_manager: Crossref 네트워크 오류: 429 Client Error: Too Many Requests for url: https://api.crossref.org/works?query=%EB%B0%95%EC%B0%AC%EC%9A%B1%2C+%EC%9D%B4%EC%A0%95%ED%98%84%EC%9D%B4%EB%9D%BC%EB%8A%94+%EC%9C%A0%EB%AA%85%EC%9D%B8%2C+sf%2F%ED%98%B8%EB%9F%AC+%EC%9A%94%EC%86%8C%EB%A5%BC+%ED%99%9C%EC%9A%A9%ED%95%9C+%EB%8C%80%EC%A4%91%EC%A0%81%EC%9D%B8+%EB%8B%A8%ED%8E%B8+%EC%98%81%ED%99%94%EC%9D%98+%ED%98%95%ED%83%9C%EC%9D%98+%EC%83%81%EC%97%85%EC%98%81%ED%99%94%EC%9D%98+%EA%B2%89%EB%B3%B4%EA%B8%B0%EB%A5%BC+%EA%B0%96%EC%B6%94%EA%B3%A0+%EC%9E%88%EB%8B%A4.&rows=3
2026-05-25 18:41:21,956 [WARNING ] footnote_manager: Crossref 네트워크 오류: 429 Client Error: Too Many Requests for url: https://api.crossref.org/works?query=%27%EC%95%84%EC%9D%B4%ED%8F%B0%EC%9C%BC%EB%A1%9C+%EC%B0%8D%ED%9E%8C%2F%EB%AF%B8%EC%88%A0%EA%B4%80%EC%97%90+%EC%A0%84%EC%8B%9C%EB%90%9C+%EC%9D%B4%EB%AF%B8%EC%A7%80%EB%8B%A4%27%EB%9D%BC%EB%8A%94+%EC%82%AC%EC%8B%A4%EC%9D%84+%EB%81%8A%EC%9E%84%EC%97%86%EC%9D%B4+%EC%83%81%EA%B8%B0%EC%8B%9C%ED%82%A8%EB%8B%A4%EB%8A%94+%EC%9D%98%EB%AF%B8%EB%A1%9C%EC%84%9C+%EC%82%AC%EC%9A%A9.&rows=3
2026-05-25 18:41:21,967 [WARNING ] footnote_manager: Crossref 네트워크 오류: 429 Client Error: Too Many Requests for url: https://api.crossref.org/works?query=%EA%B9%80%EC%A7%80%ED%9B%88%2C+%E3%80%8C%EC%8B%9C%EB%84%A4%EB%A7%88%EC%9D%98+%EB%B3%80%ED%99%94%EC%99%80+%EC%A1%B4%EC%86%8D%E3%80%8D%2C+386.&rows=3
2026-05-25 18:41:22,048 [INFO    ] footnote_manager: 낮은 신뢰도 (0.00) — 매칭 제외: '이 명제는 본 연구의 핵심 가설이자 〈파란만장〉 (PARKing CHANce) 사례 분석을'
2026-05-25 18:41:22,103 [WARNING ] footnote_manager: Crossref 네트워크 오류: 429 Client Error: Too Many Requests for url: https://api.crossref.org/works?query=steyerl%2C+%22in+defense+of+the+poor+image.%22&rows=3
2026-05-25 18:41:22,128 [WARNING ] footnote_manager: Crossref 결과 없음: '같은 책, 25. 드헬드 기법과 카메라 소메티카의 결정적인 차이는 '기법(technique)'과 '패러다임('
2026-05-25 18:41:22,291 [WARNING ] footnote_manager: Crossref 결과 없음: 'deleuze, cinema 2. 감각운동적 연접은 지각 → 감정 → 행동으로 자연스럽게 이어지는 흐름이다.'
2026-05-25 18:41:22,369 [WARNING ] footnote_manager: Crossref 결과 없음: '〈파란만장〉의 불안정한 이미지를 아이폰이라는 기기의 기술적 한계로 보는 것은 타당하지 않다. kt의 제작 지'
2026-05-25 18:41:22,494 [WARNING ] footnote_manager: Crossref 네트워크 오류: 429 Client Error: Too Many Requests for url: https://api.crossref.org/works?query=brian+o%27doherty%2C+inside+the+white+cube%3A+the+ideology+of+the+gallery+space+%28berkeley%3A+university+of+california+press%2C+1986%29.+%EC%9E%91%ED%92%88%EC%9D%84+%EB%A7%A5%EB%9D%BD%EC%9C%BC%EB%A1%9C%EB%B6%80%ED%84%B0+%EB%B6%84%EB%A6%AC%ED%95%98%EA%B3%A0+%EC%88%9C%EC%88%98%EC%84%B1%EC%9D%84+%EA%B0%95%EC%A1%B0%ED%95%98%EB%8A%94+%EC%A0%84%EC%8B%9C+%EB%AF%B8%ED%95%99%EC%9D%84+%EB%B9%84%ED%8C%90%EC%A0%81%EC%9C%BC%EB%A1%9C+%EC%A7%80%EC%B9%AD%ED%95%9C%EB%8B%A4.&rows=3
2026-05-25 18:41:22,735 [WARNING ] footnote_manager: Crossref 결과 없음: '롤랑 바르트, 『밝은 방: 사진에 관한 노트』, 김웅권 옮김 (서울: 동문선, 2006), 133. 사진의 '
2026-05-25 18:41:22,740 [WARNING ] footnote_manager: Crossref 네트워크 오류: 429 Client Error: Too Many Requests for url: https://api.crossref.org/works?query=%EC%9C%A0%EC%9A%B4%EC%84%B1%2C+%E3%80%8C%EC%9C%84%EA%B8%B0%EC%9D%98+%EC%95%84%EB%A6%84%EB%8B%A4%EC%9B%80%E3%80%8D%2C+%E3%80%8E%EC%94%A8%EB%84%A421%E3%80%8F.+%EB%8B%A8%EC%88%9C%ED%9E%88+%EC%9E%A5%EB%A5%B4%EC%A0%81+%EC%9C%B5%ED%95%A9%EC%9D%B4+%EC%95%84%EB%8B%8C+%EB%91%90+%EB%A7%A4%EC%B2%B4+%EB%B0%8F+%EC%A0%9C%EB%8F%84%EC%9D%98+%EC%9C%84%EA%B8%B0%EC%A0%81+%EA%B5%90%ED%99%98%EC%9D%B4%EB%9D%BC%EB%8A%94+%EA%B4%80%EC%A0%90%EC%9C%BC%EB%A1%9C+%EB%AF%B8%EC%88%A0%EA%B4%80+%EC%8B%9C%EB%84%A4%EB%A7%88+%ED%98%84%EC%83%81%EC%9D%84+%ED%95%B4%EC%84%9D%ED%95%9C%EB%8B%A4.&rows=3
2026-05-25 18:41:22,745 [INFO    ] footnote_manager: 낮은 신뢰도 (0.00) — 매칭 제외: 'Deleuze, Cinema 2, 69–70. 순수 시간을 이미지로 직접 현현시킨다.'
2026-05-25 18:41:22,822 [WARNING ] footnote_manager: Crossref 네트워크 오류: 429 Client Error: Too Many Requests for url: https://api.crossref.org/works?query=%EB%B0%95%EC%B0%AC%EC%9A%B1%EC%9D%80+%EC%A0%9C61%ED%9A%8C+%EB%B2%A0%EB%A5%BC%EB%A6%B0+%EC%98%81%ED%99%94%EC%A0%9C+%ED%99%A9%EA%B8%88%EA%B3%B0%EC%83%81+%EB%8B%A8%ED%8E%B8%EC%98%81%ED%99%94+%EB%B6%80%EB%AC%B8%2C+%EC%A0%9C44%ED%9A%8C+%EC%8B%9C%EC%B2%B4%EC%8A%A4+%EC%98%81%ED%99%94%EC%A0%9C+%EC%98%A4%ED%94%BC%EC%85%9C+%EB%86%89%EC%8A%A4+%EB%B9%84%EC%A0%BC+%EC%B5%9C%EC%9A%B0%EC%88%98%EC%9E%91%ED%92%88%EC%83%81%EC%9D%84+%EC%88%98%EC%83%81%ED%96%88%EC%9C%BC%EB%A9%B0%2C+kt+%EB%98%90%ED%95%9C+%EC%9D%B4+%EC%98%81%ED%99%94%EB%A5%BC+%ED%86%B5%ED%95%B4+2011%EB%85%84+%EB%8C%80%ED%95%9C%EB%AF%BC%EA%B5%AD+%EA%B4%91%EA%B3%A0%EC%A0%9C+%EB%8C%80%EC%83%81%2C+spikes+asia+advertising+festival+%EC%9D%80%EC%83%81+%EB%93%B1+%EA%B0%81%EC%A2%85+%EA%B5%AD%EC%A0%9C%EA%B4%91%EA%B3%A0%EC%A0%9C%EB%A5%BC+%EC%88%98%EC%83%81%ED%96%88%EB%8B%A4.&rows=3
2026-05-25 18:41:22,832 [INFO    ] footnote_manager: 낮은 신뢰도 (0.11) — 매칭 제외: 'Francesco Casetti, "The Senses of the Place," Jour'
2026-05-25 18:41:22,847 [WARNING ] footnote_manager: Crossref 결과 없음: '막스 호르크하이머·테오도어 w. 아도르노, 『계몽의 변증법: 철학적 단상』, 김유동 옮김 (서울: 문학과지성'
2026-05-25 18:41:22,859 [WARNING ] footnote_manager: Crossref 결과 없음: '김예솔비, 「[기획] 미술관과 극장, 교환의 조건들」, 『씨네21』, 2022년 12월 8일, https:/'
2026-05-25 18:41:22,894 [WARNING ] footnote_manager: Crossref 네트워크 오류: 429 Client Error: Too Many Requests for url: https://api.crossref.org/works?query=steyerl%2C+%22in+defense+of+the+poor+image.%22&rows=3
2026-05-25 18:41:22,903 [INFO    ] footnote_manager: 낮은 신뢰도 (0.00) — 매칭 제외: 'Brian Massumi, Parables for the Virtual: Movement,'
2026-05-25 18:41:23,214 [WARNING ] footnote_manager: Crossref 결과 없음: 'casetti, lumière galaxy, 21–23. 본 연구에서 정의하는 개념으로, 비표준 기술(아이폰'
2026-05-25 18:41:23,298 [WARNING ] footnote_manager: Crossref 네트워크 오류: 429 Client Error: Too Many Requests for url: https://api.crossref.org/works?query=dslr%28digital+single-lens+reflex+camera%29+%EC%9D%B4%EB%AF%B8%EC%A7%80+%EC%84%BC%EC%84%9C+%ED%92%80%ED%94%84%EB%A0%88%EC%9E%84%28full+frame%2Fff%29+%EB%98%90%ED%95%9C+%EC%98%81%ED%99%94%EC%9A%A9+35mm+%ED%95%84%EB%A6%84%EA%B3%BC+%EA%B0%99%EC%9D%80+%EC%82%AC%EC%9D%B4%EC%A6%88%EB%A5%BC+%EC%82%AC%EC%9A%A9%ED%95%9C%EB%8B%A4.&rows=3
2026-05-25 18:41:23,563 [WARNING ] footnote_manager: Crossref 결과 없음: '필름 혹은 이미지 센서의 크기가 작을수록 화각이 좁아지고, 표준 필름과 같은 사이즈의 화각을 촬영하려면 초점'
2026-05-25 18:41:23,613 [WARNING ] footnote_manager: Crossref 네트워크 오류: 429 Client Error: Too Many Requests for url: https://api.crossref.org/works?query=%EB%B0%95%EC%84%A0%2C+%E3%80%8E%EC%B9%B4%EB%A9%94%EB%9D%BC+%EC%86%8C%EB%A9%94%ED%8B%B0%EC%B9%B4%E3%80%8F.+%EB%89%B4%EB%AF%B8%EB%94%94%EC%96%B4+%EC%8B%9C%EB%8C%80%EC%9D%98+%EC%88%98%EC%9A%A9%EC%9E%90%EA%B0%80+%EC%8A%A4%ED%81%AC%EB%A6%B0+%EC%84%B8%EA%B3%84%EB%A5%BC+%EB%AC%BC%EB%A6%AC%EC%A0%81+%ED%98%84%EC%8B%A4%EC%9D%98+%EC%9D%BC%EB%B6%80%EB%A1%9C+%EC%88%98%EC%9A%A9%ED%95%98%EA%B3%A0+%EC%8B%A0%EC%B2%B4%EC%99%80+%EA%B0%90%EA%B0%81%EC%9D%84+%EB%8F%99%EC%9B%90%ED%95%98%EC%97%AC+%EC%9D%B4%EB%AF%B8%EC%A7%80%EB%A5%BC+%EC%B2%B4%ED%97%98%ED%95%98%EB%8A%94+%ED%98%84%EC%83%81%EC%9D%84+%EC%B9%B4%EB%A9%94%EB%9D%BC+%EC%86%8C%EB%A9%94%ED%8B%B0%EC%B9%B4%EB%A1%9C+%EC%84%A4%EB%AA%85&rows=3
2026-05-25 18:41:23,660 [WARNING ] footnote_manager: Crossref 네트워크 오류: 429 Client Error: Too Many Requests for url: https://api.crossref.org/works?query=%EA%B3%A0%ED%8B%B0%EC%97%90+%ED%85%8C%EC%98%A4%ED%95%84%2C+%EB%AA%A8%ED%8C%BD+%EC%96%91%2C+%EA%B6%8C%EC%9C%A0%ED%98%84+%28%EC%97%B4%EB%A6%BC%EC%9B%90%2C+2020%29.&rows=3
2026-05-25 18:41:23,680 [WARNING ] footnote_manager: Crossref 네트워크 오류: 429 Client Error: Too Many Requests for url: https://api.crossref.org/works?query=https%3A%2F%2Fvimeo.com%2F115480849&rows=3
2026-05-25 18:41:23,784 [INFO    ] footnote_manager: 낮은 신뢰도 (0.00) — 매칭 제외: 'Steyerl, Poor Image, 8.'
2026-05-25 18:41:23,825 [WARNING ] footnote_manager: Crossref 네트워크 오류: 429 Client Error: Too Many Requests for url: https://api.crossref.org/works?query=%EB%B0%9C%ED%84%B0+%EB%B2%A4%EC%95%BC%EB%AF%BC%2C+%E3%80%8C%EA%B8%B0%EC%88%A0%EB%B3%B5%EC%A0%9C%EC%8B%9C%EB%8C%80%EC%9D%98+%EC%98%88%EC%88%A0%EC%9E%91%ED%92%88%E3%80%8D%2C+%E3%80%8E%EB%B0%9C%ED%84%B0+%EB%B2%A4%EC%95%BC%EB%AF%BC+%EC%84%A0%EC%A7%91+2%3A+%EA%B8%B0%EC%88%A0%EB%B3%B5%EC%A0%9C%EC%8B%9C%EB%8C%80%EC%9D%98+%EC%98%88%EC%88%A0%EC%9E%91%ED%92%88%2F%EC%82%AC%EC%A7%84%EC%9D%98+%EC%9E%91%EC%9D%80+%EC%97%AD%EC%82%AC+%EC%99%B8%E3%80%8F%2C+%EC%B5%9C%EC%84%B1%EB%A7%8C+%EC%98%AE%EA%B9%80+%28%EC%84%9C%EC%9A%B8%3A+%EA%B8%B8%2C+2015%29.&rows=3
2026-05-25 18:41:23,880 [WARNING ] footnote_manager: Crossref 네트워크 오류: 429 Client Error: Too Many Requests for url: https://api.crossref.org/works?query=%ED%94%BC%EC%97%90%EB%A5%B4+%EB%B6%80%EB%A5%B4%EB%94%94%EC%99%B8%2C+%E3%80%8E%EA%B5%AC%EB%B3%84%EC%A7%93%EA%B8%B0%3A+%EB%AC%B8%ED%99%94%EC%A0%81+%EC%B7%A8%ED%96%A5%EC%9D%98+%EC%82%AC%ED%9A%8C%ED%95%99+%E4%B8%8A%E3%80%8F%2C+%EC%B5%9C%EC%A2%85%EC%B2%A0+%EC%98%AE%EA%B9%80+%28%EC%84%9C%EC%9A%B8%3A+%EC%83%88%EB%AC%BC%EA%B2%B0%2C+2005%29.+%EB%B6%80%EB%A5%B4%EB%94%94%EC%99%B8%EC%97%90%EA%B2%8C+%EC%83%81%EC%A7%95+%EC%9E%90%EB%B3%B8%EC%9D%80+%EA%B2%BD%EC%A0%9C%2C+%EB%AC%B8%ED%99%94%2C+%EC%82%AC%ED%9A%8C+%EC%9E%90%EB%B3%B8+%EB%93%B1%EC%9D%B4+%EC%82%AC%ED%9A%8C%EC%A0%81%EC%9C%BC%EB%A1%9C+%EC%A0%95%EB%8B%B9%EC%84%B1%EC%9D%84+%EC%9D%B8%EC%A0%95%EB%B0%9B%EC%95%84+%EB%AA%85%EC%98%88%2C+%EC%9C%84%EC%8B%A0%2C+%EA%B6%8C%EC%9C%84%EC%9D%98+%ED%98%95%ED%83%9C%EB%A1%9C+%EC%A0%84%ED%99%98%EB%90%9C+%EC%9E%90%EB%B3%B8%EC%9D%84+%EC%9D%98%EB%AF%B8%ED%95%9C%EB%8B%A4.&rows=3
2026-05-25 18:41:23,884 [WARNING ] footnote_manager: Crossref 네트워크 오류: 429 Client Error: Too Many Requests for url: https://api.crossref.org/works?query=%EB%B0%9C%ED%84%B0+%EB%B2%A4%EC%95%BC%EB%AF%BC%2C+%E3%80%8C%EA%B8%B0%EC%88%A0%EB%B3%B5%EC%A0%9C%EC%8B%9C%EB%8C%80%EC%9D%98+%EC%98%88%EC%88%A0%EC%9E%91%ED%92%88%E3%80%8D%3B+%EB%93%A4%EB%A2%B0%EC%A6%88%2C+%E3%80%8E%EC%8B%9C%EB%84%A4%EB%A7%88+2%E3%80%8F+%EC%B0%B8%EC%A1%B0.+%27%EC%A0%95%EB%8F%99%EC%A0%81+%EC%B6%A9%EA%B2%A9%28affective+shock%29%27%EC%9D%80+%EB%B2%A4%EC%95%BC%EB%AF%BC%EC%9D%B4+%EC%98%81%ED%99%94+%EB%A7%A4%EC%B2%B4%EC%9D%98+%ED%98%84%EB%8C%80%EC%A0%81+%EA%B2%BD%ED%97%98%EC%9C%BC%EB%A1%9C+%EB%B6%84%EC%84%9D%ED%95%9C+%27%EC%B6%A9%EA%B2%A9%28shock%29%27+%EA%B0%9C%EB%85%90%EA%B3%BC%2C+%EB%93%A4%EB%A2%B0%EC%A6%88%EA%B0%80+%EC%8B%A0%EC%B2%B4%EC%97%90+%EC%A7%81%EC%A0%91%EC%A0%81%EC%9C%BC%EB%A1%9C+%EA%B0%80%ED%95%B4%EC%A7%80%EB%8A%94+%EA%B0%95%EB%8F%84%EB%A1%9C+%EC%A0%95%EC%9D%98%ED%95%9C+%27%EC%A0%95%EB%8F%99%28affect%29%27+%EA%B0%9C%EB%85%90%EC%9D%84+%EC%A2%85%ED%95%A9%ED%95%98%EC%97%AC+%EA%B5%AC%EC%84%B1%ED%95%9C+%EA%B2%83%EC%9C%BC%EB%A1%9C%2C+%EC%9D%B4%EB%AF%B8%EC%A7%80%EC%9D%98+%EB%AC%BC%EC%A7%88%EC%84%B1%EC%9D%B4+%EA%B4%80%EA%B0%9D%EC%9D%98+%EC%8B%A0%EC%B2%B4%EC%97%90+%EC%A7%81%EC%A0%91%EC%A0%81%EC%9C%BC%EB%A1%9C+%EA%B0%80%ED%95%98%EB%8A%94+%EA%B0%90%EA%B0%81%EC%A0%81+%EC%B6%A9%EA%B2%A9%EC%9D%84+%EC%A7%80%EC%B9%AD%ED%95%9C%EB%8B%A4.&rows=3
2026-05-25 18:41:23,892 [INFO    ] footnote_manager: 낮은 신뢰도 (0.00) — 매칭 제외: '(PARKing CHANce, 2011), [09:51], [10:47] 캡처.'
2026-05-25 18:41:24,023 [WARNING ] footnote_manager: Crossref 네트워크 오류: 429 Client Error: Too Many Requests for url: https://api.crossref.org/works?query=parking+chance%2C+2011%2C+%5B29%3A12%5D+%EC%BA%A1%EC%B2%98.&rows=3
2026-05-25 18:41:24,036 [WARNING ] footnote_manager: Crossref 네트워크 오류: 429 Client Error: Too Many Requests for url: https://api.crossref.org/works?query=casetti%2C+lumi%C3%A8re+galaxy.+%EC%B9%B4%EC%84%B8%ED%8B%B0%EC%97%90%EA%B2%8C+%27%EB%94%94%EC%8A%A4%ED%94%8C%EB%A0%88%EC%9D%B4%27%EB%8A%94+%EC%A0%84%ED%86%B5%EC%A0%81%EC%9D%B8+%EC%8A%A4%ED%81%AC%EB%A6%B0%EC%9D%98+%EC%9D%80%EC%9C%A0%28%EC%B0%BD%2C+%ED%94%84%EB%A0%88%EC%9E%84%2C+%EA%B1%B0%EC%9A%B8%29%EC%99%80+%EB%8B%AC%EB%A6%AC%2C+%EB%8B%A8%EC%88%9C%ED%9E%88+%EC%9D%B4%EB%AF%B8%EC%A7%80%EB%A5%BC+%EC%82%AC%EC%9A%A9%EC%9E%90+%EC%95%9E%EC%97%90+%27%ED%98%84%EC%A0%84%ED%95%98%EA%B2%8C%27+%EB%A7%8C%EB%93%9C%EB%8A%94+%EC%A0%95%EB%B3%B4%EC%9D%98+%ED%91%9C%EB%A9%B4%EC%9D%84+%EC%9D%98%EB%AF%B8%ED%95%9C%EB%8B%A4.&rows=3
2026-05-25 18:41:24,048 [INFO    ] footnote_manager: 낮은 신뢰도 (0.00) — 매칭 제외: '본 고에서 주장하는 내용이다.'
2026-05-25 18:41:24,051 [WARNING ] footnote_manager: Crossref 네트워크 오류: 429 Client Error: Too Many Requests for url: https://api.crossref.org/works?query=%EB%93%A4%EB%A2%B0%EC%A6%88%C2%B7%EA%B0%80%ED%83%80%EB%A6%AC%2C+%E3%80%8E%EC%B2%9C+%EA%B0%9C%EC%9D%98+%EA%B3%A0%EC%9B%90%E3%80%8F%2C+452%E2%80%93453.+%EC%9D%B4%EB%93%A4%EC%9D%80+%27-%EB%90%98%EA%B8%B0%27%EB%A5%BC+%22%EB%AA%A8%EB%B0%A9%EB%8F%84+%EC%95%84%EB%8B%88%EA%B3%A0+%EB%8F%99%ED%99%94%EB%8F%84+%EC%95%84%EB%8B%88%22%EB%A9%B0%2C+%EB%91%90+%ED%95%AD+%EC%82%AC%EC%9D%B4%EC%97%90%EC%84%9C+%EA%B3%B5%ED%86%B5%EC%9D%98+%ED%83%88%EC%98%81%ED%86%A0%ED%99%94+%EC%9A%B4%EB%8F%99%EC%9D%84+%EC%B0%BE%EC%95%84%EB%82%B4%EB%8A%94+%EA%B2%83%EC%9D%B4%EB%9D%BC+%EC%84%A4%EB%AA%85%ED%95%9C%EB%8B%A4.+%EA%B4%80%EA%B0%9D%EC%9D%80+%EC%98%81%ED%99%94%EC%99%80+%EC%A0%91%EC%86%8D%ED%95%98%EB%A9%B0+%27%EC%88%98%ED%96%89%ED%95%98%EB%8A%94+%EC%A3%BC%EC%B2%B4-%EB%90%98%EA%B8%B0%27%EB%A5%BC+%ED%86%B5%ED%95%B4+%EA%B8%B0%EC%A1%B4%EC%9D%98+%EC%9E%90%EC%8B%A0%EC%9C%BC%EB%A1%9C%EB%B6%80%ED%84%B0+%ED%83%88%EC%98%81%ED%86%A0%ED%99%94%EB%90%9C%EB%8B%A4.&rows=3
2026-05-25 18:41:24,093 [WARNING ] footnote_manager: Crossref 결과 없음: '들뢰즈·가타리, 『천 개의 고원』. 본고에서 사용한 '기술-전략적 결합체'는 들뢰즈와 가타리의 '기계적 배치'
2026-05-25 18:41:24,167 [WARNING ] footnote_manager: Crossref 네트워크 오류: 429 Client Error: Too Many Requests for url: https://api.crossref.org/works?query=deleuze%2C+cinema+2%2C+%EB%93%A4%EB%A2%B0%EC%A6%88%EC%9D%98+%EC%8B%9C%EA%B0%84-%EC%9D%B4%EB%AF%B8%EC%A7%80+%EB%B0%8F+%ED%81%AC%EB%A6%AC%EC%8A%A4%ED%83%88%EC%9D%B4%EB%AF%B8%EC%A7%80%EB%8A%94+%EC%9D%B4%EB%AF%B8%EC%A7%80%EC%9D%98+%EC%9A%B0%EC%97%B0%EC%A0%81+%EC%97%B0%EC%A0%91%EA%B3%BC+%EB%AA%A8%EB%93%A0+%EC%9A%94%EC%86%8C%EC%9D%98+%EC%A0%84%EA%B2%BD%ED%99%94%28%ED%8F%89%EB%A9%B4%EC%84%B1%29%EB%A5%BC+%EC%A1%B4%EC%9E%AC%EB%A1%A0%EC%A0%81+%EC%A1%B0%EA%B1%B4%EC%9C%BC%EB%A1%9C+%ED%95%9C%EB%8B%A4.&rows=3
2026-05-25 18:41:24,233 [INFO    ] footnote_manager: 낮은 신뢰도 (0.00) — 매칭 제외: '유주연, 「박찬욱 감독의 첫 아이폰영화 파란만장」, 『매일경제』.'
2026-05-25 18:41:24,391 [WARNING ] footnote_manager: Crossref 네트워크 오류: 429 Client Error: Too Many Requests for url: https://api.crossref.org/works?query=%EB%93%A4%EB%A2%B0%EC%A6%88%C2%B7%EA%B0%80%ED%83%80%EB%A6%AC%2C+%E3%80%8E%EC%B2%9C+%EA%B0%9C%EC%9D%98+%EA%B3%A0%EC%9B%90%E3%80%8F.&rows=3
2026-05-25 18:41:24,394 [WARNING ] footnote_manager: Crossref 결과 없음: '스마트폰으로 영화를 보는 것은 더 이상 '열등한' 경험이 아니라, '친밀하고(intimate)', '사적인('
2026-05-25 18:41:24,404 [WARNING ] footnote_manager: Crossref 네트워크 오류: 429 Client Error: Too Many Requests for url: https://api.crossref.org/works?query=%EB%AF%B8%EC%85%B8+%ED%91%B8%EC%BD%94%2C+%E3%80%8E%ED%97%A4%ED%85%8C%EB%A1%9C%ED%86%A0%ED%94%BC%EC%95%84%E3%80%8F%2C+%EC%9D%B4%EC%83%81%EA%B8%B8+%EC%98%AE%EA%B9%80+%28%EC%84%9C%EC%9A%B8%3A+%EB%AC%B8%ED%95%99%EA%B3%BC%EC%A7%80%EC%84%B1%EC%82%AC%2C+2014%29.+%ED%91%B8%EC%BD%94%EC%97%90%EA%B2%8C+%ED%97%A4%ED%85%8C%EB%A1%9C%ED%86%A0%ED%94%BC%EC%95%84%EB%8A%94+%27%ED%83%80%EC%9E%90%EC%A0%81+%EA%B3%B5%EA%B0%84%27%EC%9D%84+%EC%9D%98%EB%AF%B8%ED%95%9C%EB%8B%A4.+%EA%B7%B9%EC%9E%A5%EC%9D%80+%EC%96%B4%EB%91%A0%2C+%EA%B3%A0%EC%A0%95%EB%90%9C+%EC%A2%8C%EC%84%9D%2C+%EC%99%B8%EB%B6%80%EC%99%80%EC%9D%98+%EB%8B%A8%EC%A0%88%EC%9D%84+%ED%86%B5%ED%95%B4+%EC%9D%BC%EC%83%81%EA%B3%BC+%EB%B6%84%EB%A6%AC%EB%90%9C+%EA%B3%A0%EC%9C%A0%ED%95%9C+%EA%B2%BD%ED%97%98%EC%9D%84+%EC%B0%BD%EC%B6%9C%ED%95%98%EB%8A%94+%EB%8C%80%ED%91%9C%EC%A0%81%EC%9D%B8+%ED%97%A4%ED%85%8C%EB%A1%9C%ED%86%A0%ED%94%BC%EC%95%84%EC%9D%B4%EB%8B%A4.+%E3%80%88%ED%8C%8C%EB%9E%80%EB%A7%8C%EC%9E%A5%E3%80%89%EC%9D%80+%EC%9D%B4+%EA%B3%B5%EA%B0%84%EC%9D%98+%EC%95%94%EB%AC%B5%EC%A0%81+%EA%B7%9C%EC%B9%99%28%EA%B3%A0%ED%99%94%EC%A7%88%29%EC%9D%84+%EC%9C%84%EB%B0%98%ED%95%A8%EC%9C%BC%EB%A1%9C%EC%8D%A8+%ED%97%A4%ED%85%8C%EB%A1%9C%ED%86%A0%ED%94%BC%EC%95%84%EC%9D%98+%EA%B2%BD%EA%B3%84%EB%A5%BC+%EB%AC%B4%EB%84%88%EB%9C%A8%EB%A6%B0%EB%8B%A4.&rows=3
2026-05-25 18:41:24,411 [WARNING ] footnote_manager: Crossref 네트워크 오류: 429 Client Error: Too Many Requests for url: https://api.crossref.org/works?query=anne+friedberg%2C+%22the+end+of+cinema%3A+multimedia+and+technological+change%2C%22+in+reinventing+film+studies%2C+eds.+christine+gledhill+and+linda+williams+%28london%3A+arnold%2C+2000%29%2C+439.&rows=3
2026-05-25 18:41:24,471 [INFO    ] footnote_manager: 낮은 신뢰도 (0.00) — 매칭 제외: 'A. L. Rees, A History of Experimental Film and Vid'
2026-05-25 18:41:24,480 [WARNING ] footnote_manager: Crossref 네트워크 오류: 429 Client Error: Too Many Requests for url: https://api.crossref.org/works?query=%EC%95%84%EC%9D%B4%ED%8F%B0+4%EC%9D%98+%EC%B9%B4%EB%A9%94%EB%9D%BC%EB%8A%94+%EC%9E%91%EC%9D%80+%EC%84%BC%EC%84%9C+%ED%81%AC%EA%B8%B0%EB%A1%9C+%EC%9D%B8%ED%95%B4+%EB%AA%A8%EB%93%A0+%EC%9B%90%EA%B7%BC%EC%9D%B4+%EA%B1%B0%EC%9D%98+%EB%8F%99%EC%8B%9C%EC%97%90+%EC%B4%88%EC%A0%90%EC%9D%B4+%EB%A7%9E%EA%B2%8C+%EB%90%9C%EB%8B%A4.+%EC%95%84%EC%9D%B4%ED%8F%B0%EC%9D%98+%EC%95%84%EC%9B%83%ED%8F%AC%EC%BB%A4%EC%8B%B1+%EA%B8%B0%EB%8A%A5%EC%9D%80+%EC%86%8C%ED%94%84%ED%8A%B8%EC%9B%A8%EC%96%B4%EB%A1%9C+%ED%9B%84%EC%B2%98%EB%A6%AC%ED%95%9C+%EC%9D%B4%EB%AF%B8%EC%A7%80%EC%9D%B4%EB%8B%A4.&rows=3
2026-05-25 18:41:24,499 [WARNING ] footnote_manager: Crossref 네트워크 오류: 429 Client Error: Too Many Requests for url: https://api.crossref.org/works?query=%EC%9C%A0%EC%A7%80%EB%82%98%2C+%E3%80%8C%E3%80%88%EC%86%8C%EA%B3%B5%EB%85%80%E3%80%89%2C+%EC%B7%A8%ED%96%A5%EC%9D%98+%EB%B0%B0%EC%B9%98%EC%99%80+%ED%83%88%EC%98%81%ED%86%A0%ED%99%94+%EC%97%AC%EC%A0%95+%EC%97%B0%EA%B5%AC%E3%80%8D%2C+%E3%80%8E%EC%94%A8%EB%84%A4%ED%8F%AC%EB%9F%BC%E3%80%8F+44%ED%98%B8+%282021%29%3A+93.&rows=3
2026-05-25 18:41:24,513 [WARNING ] footnote_manager: Crossref 네트워크 오류: 429 Client Error: Too Many Requests for url: https://api.crossref.org/works?query=%EB%B0%94%EC%9F%81%2C+%E3%80%8E%EC%98%81%ED%99%94%EB%9E%80+%EB%AC%B4%EC%97%87%EC%9D%B8%EA%B0%80%E3%80%8F%2C+25.&rows=3
2026-05-25 18:41:24,519 [WARNING ] footnote_manager: Crossref 네트워크 오류: 429 Client Error: Too Many Requests for url: https://api.crossref.org/works?query=%28parking+chance%2C+2011%29%2C+%5B19%3A09%5D%2C+%5B18%3A46%5D+%EC%BA%A1%EC%B2%98.&rows=3
2026-05-25 18:41:24,546 [WARNING ] footnote_manager: Crossref 네트워크 오류: 429 Client Error: Too Many Requests for url: https://api.crossref.org/works?query=%27%EC%A0%95%EB%8F%99%EC%A0%81+%EA%B3%BC%EC%9E%89%27%EC%9D%80+%EA%B0%90%EA%B0%81%EC%A0%81%C2%B7%EC%A0%95%EC%84%9C%EC%A0%81+%ED%91%9C%ED%98%84%EC%9D%84+%EC%9D%98%EB%AF%B8%ED%95%9C%EB%8B%A4.+%EA%B3%B5%ED%8F%AC%2C+%EB%A9%9C%EB%A1%9C%EB%93%9C%EB%9D%BC%EB%A7%88%2C+%ED%8F%AC%EB%A5%B4%EB%85%B8%EA%B7%B8%EB%9E%98%ED%94%BC%EC%99%80+%EA%B0%99%EC%9D%80+%27%EC%8B%A0%EC%B2%B4+%EC%9E%A5%EB%A5%B4%28body+genres%29%27%EC%97%90%EC%84%9C+%EC%A3%BC%EB%A1%9C+%EB%82%98%ED%83%80%EB%82%9C%EB%8B%A4.&rows=3
2026-05-25 18:41:24,569 [WARNING ] footnote_manager: Crossref 네트워크 오류: 429 Client Error: Too Many Requests for url: https://api.crossref.org/works?query=%EA%B0%99%EC%9D%80+%EC%B1%85.&rows=3
2026-05-25 18:41:24,574 [WARNING ] footnote_manager: Crossref 네트워크 오류: 429 Client Error: Too Many Requests for url: https://api.crossref.org/works?query=%EC%84%9C%EC%9A%B8%EC%8B%9C%EB%A6%BD%EB%AF%B8%EC%88%A0%EA%B4%80+%27highlights%27+%EA%B9%8C%EB%A5%B4%EB%9D%A0%EC%97%90+%ED%98%84%EB%8C%80%EB%AF%B8%EC%88%A0%EC%9E%AC%EB%8B%A8+%EC%86%8C%EC%9E%A5%EC%A0%84%2C+parking+chance+%EC%9D%B8%ED%84%B0%EB%B7%B0.&rows=3
2026-05-25 18:41:24,663 [INFO    ] footnote_manager: 낮은 신뢰도 (0.00) — 매칭 제외: 'PARKing CHANce, 2011, [ 29:12] 캡처.'
2026-05-25 18:41:24,663 [WARNING ] footnote_manager: Crossref 네트워크 오류: 429 Client Error: Too Many Requests for url: https://api.crossref.org/works?query=%EC%9D%B4%EC%A2%85%EC%B2%A0%2C+%E3%80%8C%EC%95%84%EC%9D%B4%ED%8F%B0+13+%ED%94%84%EB%A1%9C%EB%A1%9C+%EC%B0%8D%EB%8B%A4%2C+%EB%B0%95%EC%B0%AC%EC%9A%B1+%EA%B0%90%EB%8F%85+%27%EC%9D%BC%EC%9E%A5%EC%B6%98%EB%AA%BD%27+%EC%A0%9C%EC%9E%91+%EB%B9%84%ED%95%98%EC%9D%B8%EB%93%9C%E3%80%8D%2C+%E3%80%8E%EB%B0%94%EC%9D%B4%EB%9D%BC%EC%9D%B8+%EB%84%A4%ED%8A%B8%EC%9B%8C%ED%81%AC%E3%80%8F%2C+2022%EB%85%84+2%EC%9B%94+18%EC%9D%BC.+%EB%B0%95%EC%B0%AC%EC%9A%B1+%EA%B0%90%EB%8F%85%EC%9D%80+%EC%9D%B4%ED%9B%84+%EC%95%84%EC%9D%B4%ED%8F%B0+13+%ED%94%84%EB%A1%9C%EB%A1%9C+%EC%B4%AC%EC%98%81%ED%95%9C+%EB%8B%A8%ED%8E%B8+%3C%EC%9D%BC%EC%9E%A5%EC%B6%98%EB%AA%BD%3E%282022%29%EC%97%90%EC%84%9C%EB%8F%84+%EC%9D%B4%EB%9F%AC%ED%95%9C+%EA%B7%BC%EC%A0%91%EC%84%B1%EC%9D%98+%ED%9A%A8%EA%B3%BC%EB%A5%BC+%EC%A0%81%EA%B7%B9%EC%A0%81%EC%9C%BC%EB%A1%9C+%ED%99%9C%EC%9A%A9%ED%96%88%EB%8B%A4.+%EB%B0%B0%EC%9A%B0+%EB%B0%95%EC%A0%95%EB%AF%BC%EC%9D%80+%EC%9E%91%EC%9D%80+%EA%B8%B0%EA%B8%B0%EA%B0%80+%EB%A7%8C%EB%93%A4%EC%96%B4%EB%82%B4%EB%8A%94+%EB%8F%85%ED%8A%B9%ED%95%9C+%EC%B4%AC%EC%98%81+%ED%99%98%EA%B2%BD%EA%B3%BC+%EA%B7%B8%EA%B2%83%EC%9D%B4+%EB%B0%B0%EC%9A%B0%EC%9D%98+%EC%97%B0%EA%B8%B0%EC%97%90+%EB%AF%B8%EC%B9%98%EB%8A%94+%EC%A7%81%EC%A0%91%EC%A0%81%EC%9D%B8+%EC%98%81%ED%96%A5%EC%9D%84+%EC%A6%9D%EC%96%B8%ED%96%88%EB%8B%A4.&rows=3
2026-05-25 18:41:24,666 [WARNING ] footnote_manager: Crossref 네트워크 오류: 429 Client Error: Too Many Requests for url: https://api.crossref.org/works?query=steyerl%2C+%22in+defense+of+the+poor+image%2C%22+8.+%EC%8A%88%ED%83%80%EC%9D%B4%EC%96%BC%EC%9D%80+%EC%9D%B4+%EA%B8%80%EC%97%90%EC%84%9C+%EC%9D%B4%EB%AF%B8%EC%A7%80%EC%9D%98+%EA%B0%80%EC%B9%98%EA%B0%80+%EC%9B%90%EB%B3%B8%EC%84%B1%EC%9D%B4+%EC%95%84%EB%8B%8C+%EC%9C%A0%ED%86%B5%EA%B3%BC+%EC%A0%91%EC%86%8D%EC%9D%98+%EA%B3%BC%EC%A0%95%EC%97%90%EC%84%9C+%EB%B0%9C%EC%83%9D%ED%95%9C%EB%8B%A4%EA%B3%A0+%EC%A3%BC%EC%9E%A5%ED%95%9C%EB%8B%A4.&rows=3
2026-05-25 18:41:24,682 [WARNING ] footnote_manager: Crossref 네트워크 오류: 429 Client Error: Too Many Requests for url: https://api.crossref.org/works?query=steyerl%2C+%22in+defense+of+the+poor+image%2C%22+8.+%EC%9D%B4%EB%AF%B8%EC%A7%80%EC%9D%98+%EC%A7%84%EC%8B%A4%EC%9D%80+%EC%9B%90%EB%B3%B8%EC%9D%98+%EC%84%A0%EB%AA%85%ED%95%A8%EC%9D%B4%EB%82%98+%EC%9E%AC%ED%98%84%EC%9D%98+%EC%A0%95%ED%99%95%EC%84%B1%EC%97%90+%EC%9E%88%EB%8A%94+%EA%B2%83%EC%9D%B4+%EC%95%84%EB%8B%88%EB%9D%BC%2C+%EA%B7%B8+%EC%9D%B4%EB%AF%B8%EC%A7%80%EA%B0%80+%EC%96%B4%EB%96%BB%EA%B2%8C+%EC%9C%A0%ED%86%B5%EB%90%98%EA%B3%A0%2C+%EA%B3%B5%EC%9C%A0%EB%90%98%EB%A9%B0%2C+%EC%83%88%EB%A1%9C%EC%9A%B4+%EB%A7%A5%EB%9D%BD+%EC%86%8D%EC%97%90%EC%84%9C+%EC%96%B4%EB%96%A4+%EC%A0%95%EC%B9%98%EC%A0%81%C2%B7%EC%82%AC%ED%9A%8C%EC%A0%81+%EC%9D%98%EB%AF%B8%EB%A5%BC+%ED%9A%8D%EB%93%9D%ED%95%98%EB%8A%94%EA%B0%80%EC%9D%98+%EA%B3%BC%EC%A0%95%EC%97%90+%EC%9E%88%EB%8B%A4.+%EB%94%B0%EB%9D%BC%EC%84%9C+%E3%80%88%ED%8C%8C%EB%9E%80%EB%A7%8C%EC%9E%A5%E3%80%89%EC%97%90%EC%84%9C+%EC%88%9C%EA%B0%84%EC%A0%81%EC%9C%BC%EB%A1%9C+%EB%93%9C%EB%9F%AC%EB%82%98%EB%8A%94+%EC%BB%AC%EB%9F%AC+%EC%9D%B4%EB%AF%B8%EC%A7%80%EB%8A%94+%27%EC%84%A0%EB%AA%85%ED%95%9C+%EC%9B%90%EB%B3%B8%27%EC%9C%BC%EB%A1%9C%EC%9D%98+%ED%9A%8C%EA%B7%80%EA%B0%80+%EC%95%84%EB%8B%88%EB%9D%BC%2C+%EC%98%A4%ED%9E%88%EB%A0%A4+%EC%9D%B4%EB%AF%B8%EC%A7%80%EC%9D%98+%EC%A0%9C%EC%9E%91+%EC%A1%B0%EA%B1%B4%EA%B3%BC+%EA%B8%B0%EC%88%A0%EC%A0%81+%ED%95%9C%EA%B3%84%EB%A5%BC+%ED%8F%AD%EB%A1%9C%ED%95%A8%EC%9C%BC%EB%A1%9C%EC%8D%A8+%EA%B4%80%EA%B0%9D%EC%97%90%EA%B2%8C+%27%EC%96%B4%EB%96%A4+%EC%9D%B4%EB%AF%B8%EC%A7%80%EB%A5%BC%2C+%EC%96%B4%EB%96%BB%EA%B2%8C+%EB%B3%B4%EC%97%AC%EC%A4%84+%EA%B2%83%EC%9D%B8%EA%B0%80%27%EB%9D%BC%EB%8A%94+%EB%A7%A4%EC%B2%B4%EC%A0%81+%EC%84%A0%ED%83%9D%EC%9D%98+%EC%9C%A4%EB%A6%AC%EB%A5%BC+%EC%84%B1%EC%B0%B0%ED%95%98%EA%B2%8C+%EB%A7%8C%EB%93%9C%EB%8A%94+%EC%88%98%ED%96%89%EC%A0%81+%EC%9E%A5%EC%B9%98%EB%A1%9C+%EA%B8%B0%EB%8A%A5%ED%95%9C%EB%8B%A4.&rows=3
2026-05-25 18:41:24,691 [WARNING ] footnote_manager: Crossref 결과 없음: '자크 데리다, 『마르크스의 유령들』, 진태원 옮김 (서울: 이제이북스, 2012). 데리다에게 유령(spec'
2026-05-25 18:41:24,731 [WARNING ] footnote_manager: Crossref 네트워크 오류: 429 Client Error: Too Many Requests for url: https://api.crossref.org/works?query=parking+chance%2C+2011%2C+%5B8%3A39%5D+%EC%BA%A1%EC%B2%98.&rows=3
2026-05-25 18:41:24,740 [WARNING ] footnote_manager: Crossref 네트워크 오류: 429 Client Error: Too Many Requests for url: https://api.crossref.org/works?query=kt+%ED%99%8D%EB%B3%B4%EB%9D%BC%EB%8A%94+%ED%83%9C%EC%83%9D%EC%A0%81+%EB%AA%A9%EC%A0%81+%EB%95%8C%EB%AC%B8%EC%97%90%2C+%EC%9D%B4+%EC%98%81%ED%99%94%EB%8A%94+%EC%B5%9C%EB%8C%80%ED%95%9C+%EB%A7%8E%EC%9D%80+%EC%82%AC%EB%9E%8C%EC%9D%B4+%EB%B3%B4%EB%8A%94+%EA%B2%83%EC%9D%B4+%EC%A4%91%EC%9A%94%ED%96%88%EA%B3%A0%2C+%EB%94%B0%EB%9D%BC%EC%84%9C+%EC%98%A8%EB%9D%BC%EC%9D%B8+%EB%AC%B4%EB%A3%8C+%EA%B3%B5%EA%B0%9C%EB%8A%94+%EC%B2%98%EC%9D%8C%EB%B6%80%ED%84%B0+%EC%98%88%EC%A0%95%EB%90%9C+%EC%88%98%EC%88%9C%EC%9D%B4%EB%8B%A4.&rows=3
2026-05-25 18:41:24,766 [WARNING ] footnote_manager: Crossref 네트워크 오류: 429 Client Error: Too Many Requests for url: https://api.crossref.org/works?query=%EB%B3%B8%EA%B3%A0%EC%97%90%EC%84%9C%EB%8A%94+j.+l.+%EC%98%A4%EC%8A%A4%ED%8B%B4%28j.+l.+austin%29%EC%9C%BC%EB%A1%9C%EB%B6%80%ED%84%B0+%EC%8B%9C%EC%9E%91%EB%90%98%EC%96%B4+%ED%99%95%EC%9E%A5%EB%90%9C+%EC%88%98%ED%96%89%28performance%29+%EA%B0%9C%EB%85%90%EA%B3%BC%2C+%EC%B0%BD%EC%9E%91%EC%9E%90%EC%9D%98+%EC%9D%98%EB%8F%84%EC%A0%81+%EC%84%A4%EA%B3%84%EB%A5%BC+%EA%B0%95%EC%A1%B0%ED%95%98%EB%8A%94+%EC%8B%9C%EB%82%98%EB%A6%AC%EC%98%A4%28scenario%29+%EA%B0%9C%EB%85%90%EC%9D%84+%EA%B2%B0%ED%95%A9%ED%95%9C%EB%8B%A4.+%EC%9D%B4%EB%8A%94+%E3%80%88%ED%8C%8C%EB%9E%80%EB%A7%8C%EC%9E%A5%E3%80%89%EC%9D%98+%EC%82%AC%EB%A1%80%EC%B2%98%EB%9F%BC%2C+%EC%B0%BD%EC%9E%91%EC%9E%90%EA%B0%80+%EB%8B%A8%EC%88%9C%ED%9E%88+%EA%B2%B0%EA%B3%BC%EB%AC%BC%28%EC%98%81%ED%99%94+%ED%8C%8C%EC%9D%BC%29%EC%9D%84+%EB%A7%8C%EB%93%9C%EB%8A%94+%EA%B2%83%EC%9D%84+%EB%84%98%EC%96%B4%2C+%EA%B4%80%EA%B0%9D%EC%9D%B4+%ED%8A%B9%EC%A0%95+%EC%8B%9C%EA%B3%B5%EA%B0%84%28%EB%AF%B8%EC%88%A0%EA%B4%80%29%EC%97%90%EC%84%9C+%EA%B2%AA%EA%B2%8C+%EB%90%A0+%EC%B4%9D%EC%B2%B4%EC%A0%81+%EA%B2%BD%ED%97%98%EC%9D%98+%EA%B3%BC%EC%A0%95+%EC%9E%90%EC%B2%B4%EB%A5%BC+%EC%97%B0%EC%B6%9C%ED%95%98%EA%B3%A0+%ED%86%B5%EC%A0%9C%ED%95%98%EB%8A%94+%EC%83%88%EB%A1%9C%EC%9A%B4+%EC%B0%BD%EC%9E%91+%EB%B0%A9%EB%B2%95%EB%A1%A0%EC%9D%84+%EC%A7%80%EC%B9%AD%ED%95%9C%EB%8B%A4.&rows=3
2026-05-25 18:41:24,809 [WARNING ] footnote_manager: Crossref 네트워크 오류: 429 Client Error: Too Many Requests for url: https://api.crossref.org/works?query=%EC%9C%A0%EC%A7%80%EB%82%98%2C+%E3%80%8C%E3%80%88%EC%86%8C%EA%B3%B5%EB%85%80%E3%80%89%2C+%EC%B7%A8%ED%96%A5%EC%9D%98+%EB%B0%B0%EC%B9%98%EC%99%80+%ED%83%88%EC%98%81%ED%86%A0%ED%99%94+%EC%97%AC%EC%A0%95+%EC%97%B0%EA%B5%AC%E3%80%8D%2C+%E3%80%8E%EC%94%A8%EB%84%A4%ED%8F%AC%EB%9F%BC%E3%80%8F+44%ED%98%B8+%282021%29%3A+93.&rows=3
2026-05-25 18:41:24,933 [WARNING ] footnote_manager: Crossref 결과 없음: '성연주, 「청년예술이 상징자본이 될 수 있는가?: 〈서울청년예술단〉 사업에 관한 사례연구」, 『문화와 사회』'
2026-05-25 18:41:24,988 [INFO    ] footnote_manager: 낮은 신뢰도 (0.00) — 매칭 제외: 'Guillaume Python. ©PARKing CHANce. Production by M'
2026-05-25 18:41:25,291 [INFO    ] footnote_manager: 낮은 신뢰도 (0.00) — 매칭 제외: '(PARKing CHANce, 2011), [29:40] 캡처'
2026-05-25 18:41:25,329 [WARNING ] footnote_manager: Crossref 결과 없음: '유지나, 「〈소공녀〉, 취향의 배치와 탈영토화 여정 연구」, 93. 해당 논문은 주인공 미소의 여정을 "남들'
2026-05-25 18:41:25,368 [INFO    ] footnote_manager: 낮은 신뢰도 (0.00) — 매칭 제외: '(PARKing CHANce, 2011), [07:10] , [09:19] 캡쳐'
2026-05-25 18:42:09,701 [INFO    ] footnote_manager: 참고문헌 4건 생성 (원본 8건에서 중복 제거)
2026-05-25 18:42:09,701 [INFO    ] footnote_manager: BibTeX 생성 시작: 4건
2026-05-25 18:42:13,009 [INFO    ] footnote_manager: BibTeX 생성 시작: 4건
2026-05-25 18:42:20,164 [INFO    ] footnote_manager: 낮은 신뢰도 (0.00) — 매칭 제외: '김지훈, 「시네마의 변화와 존속 ― 『뤼미에르 은하계』와 포스트-시네마 연구」, 『현대영화'
2026-05-25 18:42:20,204 [INFO    ] footnote_manager: 낮은 신뢰도 (0.00) — 매칭 제외: '박찬욱(Park Chan-wook)과 박찬경(Park Chan-kyong) 감독이 2011'
2026-05-25 18:42:20,209 [INFO    ] footnote_manager: 낮은 신뢰도 (0.00) — 매칭 제외: '〈파란만장〉(2011).'
2026-05-25 18:42:20,238 [INFO    ] footnote_manager: 낮은 신뢰도 (0.00) — 매칭 제외: 'Casetti, Lumière Galaxy, 42.'
2026-05-25 18:42:20,248 [INFO    ] footnote_manager: 낮은 신뢰도 (0.00) — 매칭 제외: 'Deleuze, Cinéma 2, 145.'
2026-05-25 18:42:20,252 [INFO    ] footnote_manager: 낮은 신뢰도 (0.00) — 매칭 제외: 'Casetti, Lumière Galaxy, 14.'
2026-05-25 18:42:20,266 [INFO    ] footnote_manager: 낮은 신뢰도 (0.00) — 매칭 제외: '김지훈, 「시네마의 변화와 존속」.'
2026-05-25 18:42:20,287 [INFO    ] footnote_manager: 낮은 신뢰도 (0.00) — 매칭 제외: '최소영, 「포스트 디지털 시대의 예술과 이미지 연구 ― 히토 슈타이얼의 빈곤한 이미지 개념'
2026-05-25 18:42:20,291 [INFO    ] footnote_manager: 낮은 신뢰도 (0.00) — 매칭 제외: '김민경, 「사회적 스크린의 판타스마고리아: 히토 슈타이얼의 이미지 정치 연구」, 서울대학교'
2026-05-25 18:42:20,304 [INFO    ] footnote_manager: 낮은 신뢰도 (0.00) — 매칭 제외: '김지훈, 「시네마의 변화와 존속」.'
2026-05-25 18:42:20,309 [INFO    ] footnote_manager: 낮은 신뢰도 (0.00) — 매칭 제외: '박선, 『카메라 소메티카: 포스트-시네마 시대의 회화와 영화』 (서울: 갈무리, 2023)'
2026-05-25 18:42:20,313 [INFO    ] footnote_manager: 낮은 신뢰도 (0.00) — 매칭 제외: '자크 데리다, 『마르크스의 유령들』, 진태원 옮김 (서울: 이제이북스, 2012).'
2026-05-25 18:42:20,318 [INFO    ] footnote_manager: 낮은 신뢰도 (0.00) — 매칭 제외: '김지훈, 「시네마의 변화와 존속」.'
2026-05-25 18:42:20,331 [INFO    ] footnote_manager: 낮은 신뢰도 (0.00) — 매칭 제외: 'Casetti, Lumière Galaxy, 42–45.'
2026-05-25 18:42:20,336 [INFO    ] footnote_manager: 낮은 신뢰도 (0.00) — 매칭 제외: '미셸 푸코, 『헤테로토피아』, 이상길 옮김 (서울: 문학과지성사, 2014), 15–37.'
2026-05-25 18:42:20,344 [INFO    ] footnote_manager: 낮은 신뢰도 (0.00) — 매칭 제외: '푸코, 『헤테로토피아』.'
2026-05-25 18:42:20,349 [INFO    ] footnote_manager: 낮은 신뢰도 (0.00) — 매칭 제외: 'Casetti, Lumière Galaxy, 65–70, 105–110.'
2026-05-25 18:42:20,354 [INFO    ] footnote_manager: 낮은 신뢰도 (0.00) — 매칭 제외: '이 명제는 본 연구의 핵심 가설이자 〈파란만장〉 (PARKing CHANce) 사례 분석을'
2026-05-25 18:42:20,362 [INFO    ] footnote_manager: 낮은 신뢰도 (0.00) — 매칭 제외: '이은아, 「관객의 영화 경험에 대한 현상학적 접근: 메를로-퐁티 몸 현상학에 기반한 소브책'
2026-05-25 18:42:20,367 [INFO    ] footnote_manager: 낮은 신뢰도 (0.00) — 매칭 제외: 'Casetti, Lumière Galaxy, 168–180.'
2026-05-25 18:42:20,371 [INFO    ] footnote_manager: 낮은 신뢰도 (0.00) — 매칭 제외: '들뢰즈·가타리, 『천 개의 고원』, 156–157. 질서와 틀에서 벗어나 새로운 잠재성이나'
2026-05-25 18:42:20,380 [INFO    ] footnote_manager: 낮은 신뢰도 (0.00) — 매칭 제외: 'Deleuze, Cinema 2, 69–70. 순수 시간을 이미지로 직접 현현시킨다.'
2026-05-25 18:42:20,395 [INFO    ] footnote_manager: 낮은 신뢰도 (0.11) — 매칭 제외: 'Francesco Casetti, "The Senses of the Place," Jour'
2026-05-25 18:42:20,403 [INFO    ] footnote_manager: 낮은 신뢰도 (0.00) — 매칭 제외: 'Brian Massumi, Parables for the Virtual: Movement,'
2026-05-25 18:42:20,410 [INFO    ] footnote_manager: 낮은 신뢰도 (0.00) — 매칭 제외: '들뢰즈·가타리, 『천 개의 고원』, 161–162. 개인을 통제하는 기존의 주체성을 벗어나'
2026-05-25 18:42:20,451 [INFO    ] footnote_manager: 낮은 신뢰도 (0.00) — 매칭 제외: 'A. L. Rees, A History of Experimental Film and Vid'
2026-05-25 18:42:20,472 [INFO    ] footnote_manager: 낮은 신뢰도 (0.00) — 매칭 제외: 'Steyerl, Poor Image, 8.'
2026-05-25 18:42:20,477 [INFO    ] footnote_manager: 낮은 신뢰도 (0.00) — 매칭 제외: '본 고에서 주장하는 내용이다.'
2026-05-25 18:42:20,508 [INFO    ] footnote_manager: 낮은 신뢰도 (0.00) — 매칭 제외: '유주연, 「박찬욱 감독의 첫 아이폰영화 파란만장」, 『매일경제』.'
2026-05-25 18:42:20,583 [INFO    ] footnote_manager: 낮은 신뢰도 (0.00) — 매칭 제외: '(PARKing CHANce, 2011), [09:51], [10:47] 캡처.'
2026-05-25 18:42:20,595 [INFO    ] footnote_manager: 낮은 신뢰도 (0.00) — 매칭 제외: '(PARKing CHANce, 2011), [07:10] , [09:19] 캡쳐'
2026-05-25 18:42:20,660 [INFO    ] footnote_manager: 낮은 신뢰도 (0.00) — 매칭 제외: 'Guillaume Python. ©PARKing CHANce. Production by M'
2026-05-25 18:42:20,690 [INFO    ] footnote_manager: 낮은 신뢰도 (0.00) — 매칭 제외: 'PARKing CHANce, 2011, [ 29:12] 캡처.'
2026-05-25 18:42:20,724 [INFO    ] footnote_manager: 낮은 신뢰도 (0.00) — 매칭 제외: '(PARKing CHANce, 2011), [29:40] 캡처'
2026-05-26 07:03:09,850 [INFO    ] footnote_manager: Crossref 쿼리: 'susan sontag, "the decay of cinema," the new york times, feb'
2026-05-26 07:03:09,858 [INFO    ] footnote_manager: Crossref 쿼리: 'francesco casetti, the lumière galaxy: seven key words for t'
2026-05-26 07:03:09,864 [INFO    ] footnote_manager: Crossref 쿼리: 'casetti, the lumière galaxy, 41.'
2026-05-26 07:03:09,871 [INFO    ] footnote_manager: Crossref 쿼리: '김지훈, 「시네마의 변화와 존속 ― 『뤼미에르 은하계』와 포스트-시네마 연구」, 『현대영화연구』 29, no'
2026-05-26 07:03:09,877 [INFO    ] footnote_manager: Crossref 쿼리: '〈파란만장〉 (night fishing), 감독 박찬경·박찬욱 (2011).'
2026-05-26 07:03:09,883 [INFO    ] footnote_manager: Crossref 쿼리: '유운성, 「위기의 아름다움」, 『씨네21』, 2011년 9월 29일, https://cine21.com/ne'
2026-05-26 07:03:09,888 [INFO    ] footnote_manager: Crossref 쿼리: 'jean-louis baudry, "ideological effects of the basic cinemat'
2026-05-26 07:03:09,893 [INFO    ] footnote_manager: Crossref 쿼리: 'casetti, the lumière galaxy, 41.'
2026-05-26 07:03:09,898 [INFO    ] footnote_manager: Crossref 쿼리: 'john belton, "if film is dead, what is cinema?" screen 55, n'
2026-05-26 07:03:09,905 [INFO    ] footnote_manager: Crossref 쿼리: 'casetti, the lumière galaxy, 32–45.'
2026-05-26 07:03:09,910 [INFO    ] footnote_manager: Crossref 쿼리: '김영리, 「스크린 쿼터제 축소 반대운동을 비판하는 사람들」, 『월간 말』, 2006년 8월호.'
2026-05-26 07:03:09,915 [INFO    ] footnote_manager: Crossref 쿼리: '곽영진, 「스크린쿼터, 그 축소 공방의 논리 지형」, 『paf』 46호, 2004, 80-81. 메이저 영화'
2026-05-26 07:03:09,921 [INFO    ] footnote_manager: Crossref 쿼리: '박찬욱(park chan-wook)과 박찬경(park chan-kyong) 감독이 2011년에 결성한 공동 '
2026-05-26 07:03:09,926 [INFO    ] footnote_manager: Crossref 쿼리: '〈파란만장〉(2011).'
2026-05-26 07:03:09,931 [INFO    ] footnote_manager: Crossref 쿼리: 'casetti, lumière galaxy, 32–45.'
2026-05-26 07:03:09,937 [INFO    ] footnote_manager: Crossref 쿼리: 'hito steyerl, "in defense of the poor image," e-flux journal'
2026-05-26 07:03:09,941 [INFO    ] footnote_manager: Crossref 쿼리: 'gilles deleuze, cinema 2: the time-image (university of minn'
2026-05-26 07:03:09,946 [INFO    ] footnote_manager: Crossref 쿼리: 'casetti, lumière galaxy, 135–148.'
2026-05-26 07:03:09,951 [INFO    ] footnote_manager: Crossref 쿼리: '김지훈, 「다큐멘터리의 확장된 디스포지티프」, 『영화연구』 78호 (2018): 386.'
2026-05-26 07:03:09,957 [INFO    ] footnote_manager: Crossref 쿼리: '맹하경, 「"운동화만 팔다간 망할 수도" 닌텐도·넷플릭스와 경쟁하는 나이키」, 『한국일보』, 2020년 12'
2026-05-26 07:03:09,963 [INFO    ] footnote_manager: Crossref 쿼리: 'casetti, lumière galaxy, 42.'
2026-05-26 07:03:09,969 [INFO    ] footnote_manager: Crossref 쿼리: 'steyerl, "in defense of the poor image," 8.'
2026-05-26 07:03:09,975 [INFO    ] footnote_manager: Crossref 쿼리: 'deleuze, cinéma 2, 145.'
2026-05-26 07:03:09,981 [INFO    ] footnote_manager: Crossref 쿼리: 'casetti, lumière galaxy, 14.'
2026-05-26 07:03:09,987 [INFO    ] footnote_manager: Crossref 쿼리: 'baudry, "ideological effects of the basic cinematographic ap'
2026-05-26 07:03:09,993 [INFO    ] footnote_manager: Crossref 쿼리: '유운성, 「위기의 아름다움」, 『씨네21』.'
2026-05-26 07:03:10,000 [INFO    ] footnote_manager: Crossref 쿼리: '김지훈, 「시네마의 변화와 존속」.'
2026-05-26 07:03:10,005 [INFO    ] footnote_manager: Crossref 쿼리: '김지훈, 「다큐멘터리의 확장된 디스포지티프」, 5–67.'
2026-05-26 07:03:10,011 [INFO    ] footnote_manager: Crossref 쿼리: 'belton, "if film is dead, what is cinema?" 467.'
2026-05-26 07:03:10,018 [INFO    ] footnote_manager: Crossref 쿼리: '기 드보르, 『스펙타클의 사회』, 이경숙 옮김 (서울: 현실문화연구, 1996).'
2026-05-26 07:03:10,023 [INFO    ] footnote_manager: Crossref 쿼리: '이미연, 「디지털 이미지의 정치성: 히토 슈타이얼의 작품과 저작을 경유하여 기 드보르의 실천 전략을 재질문하'
2026-05-26 07:03:10,030 [INFO    ] footnote_manager: Crossref 쿼리: '최소영, 「포스트 디지털 시대의 예술과 이미지 연구 ― 히토 슈타이얼의 빈곤한 이미지 개념을 중심으로」, 『'
2026-05-26 07:03:10,036 [INFO    ] footnote_manager: Crossref 쿼리: '김민경, 「사회적 스크린의 판타스마고리아: 히토 슈타이얼의 이미지 정치 연구」, 서울대학교 대학원 석사학위논'
2026-05-26 07:03:10,041 [INFO    ] footnote_manager: Crossref 쿼리: 'hito steyerl, "in defense of the poor image," e-flux journal'
2026-05-26 07:03:10,047 [INFO    ] footnote_manager: Crossref 쿼리: 'steyerl, "in defense of the poor image," 8.'
2026-05-26 07:03:10,053 [INFO    ] footnote_manager: Crossref 쿼리: '김지훈, 「시네마의 변화와 존속」.'
2026-05-26 07:03:10,058 [INFO    ] footnote_manager: Crossref 쿼리: '박선, 『카메라 소메티카: 포스트-시네마 시대의 회화와 영화』 (서울: 갈무리, 2023), 21–25.'
2026-05-26 07:03:10,066 [INFO    ] footnote_manager: Crossref 쿼리: '자크 데리다, 『마르크스의 유령들』, 진태원 옮김 (서울: 이제이북스, 2012).'
2026-05-26 07:03:10,072 [INFO    ] footnote_manager: Crossref 쿼리: '김지훈, 「시네마의 변화와 존속」.'
2026-05-26 07:03:10,080 [INFO    ] footnote_manager: Crossref 쿼리: 'francesco casetti, "back to the motherland: the film theatre'
2026-05-26 07:03:10,087 [INFO    ] footnote_manager: Crossref 쿼리: '질 들뢰즈·펠릭스 가타리, 『천 개의 고원: 자본주의와 분열증 2』, 김재인 옮김 (서울: 새물결, 2003'
2026-05-26 07:03:10,094 [INFO    ] footnote_manager: Crossref 쿼리: 'casetti, lumière galaxy, 42–45.'
2026-05-26 07:03:10,101 [INFO    ] footnote_manager: Crossref 쿼리: '미셸 푸코, 『헤테로토피아』, 이상길 옮김 (서울: 문학과지성사, 2014), 15–37.'
2026-05-26 07:03:10,110 [INFO    ] footnote_manager: Crossref 쿼리: 'casetti, lumière galaxy, 135–148.'
2026-05-26 07:03:10,879 [INFO    ] footnote_manager: Crossref 쿼리: '푸코, 『헤테로토피아』.'
2026-05-26 07:03:11,010 [INFO    ] footnote_manager: Crossref 쿼리: 'casetti, lumière galaxy, 65–70, 105–110.'
2026-05-26 07:03:11,134 [INFO    ] footnote_manager: Crossref 쿼리: '이 명제는 본 연구의 핵심 가설이자 〈파란만장〉 (parking chance) 사례 분석을 통해 구체적으로 '
2026-05-26 07:03:11,297 [INFO    ] footnote_manager: Crossref 쿼리: '김지훈, 「시네마의 변화와 존속」, 386.'
2026-05-26 07:03:11,335 [INFO    ] footnote_manager: Crossref 쿼리: '이은아, 「관객의 영화 경험에 대한 현상학적 접근: 메를로-퐁티 몸 현상학에 기반한 소브책 영화이론을 중심으'
2026-05-26 07:03:11,520 [INFO    ] footnote_manager: Crossref 쿼리: 'casetti, lumière galaxy, 168–180.'
2026-05-26 07:03:11,653 [INFO    ] footnote_manager: Crossref 쿼리: '들뢰즈·가타리, 『천 개의 고원』, 156–157. 질서와 틀에서 벗어나 새로운 잠재성이나 연결을 창출하는 '
2026-05-26 07:03:11,734 [INFO    ] footnote_manager: Crossref 쿼리: 'deleuze, cinema 2, 156–157. 크리스탈-이미지의 핵심적 작동 방식으로, 관객이 판단할 수'
2026-05-26 07:03:11,861 [INFO    ] footnote_manager: Crossref 쿼리: 'deleuze, cinema 2, 69–70. 순수 시간을 이미지로 직접 현현시킨다.'
2026-05-26 07:03:11,973 [INFO    ] footnote_manager: Crossref 쿼리: 'deleuze, cinema 2. 감각운동적 연접은 지각 → 감정 → 행동으로 자연스럽게 이어지는 흐름이다.'
2026-05-26 07:03:12,136 [INFO    ] footnote_manager: Crossref 쿼리: 'baudry, "ideological effects of the basic cinematographic ap'
2026-05-26 07:03:12,304 [INFO    ] footnote_manager: Crossref 쿼리: 'francesco casetti, "the senses of the place," journal of cin'
2026-05-26 07:03:12,320 [INFO    ] footnote_manager: Crossref 쿼리: 'brian massumi, parables for the virtual: movement, affect, s'
2026-05-26 07:03:12,474 [INFO    ] footnote_manager: Crossref 쿼리: '들뢰즈·가타리, 『천 개의 고원』, 161–162. 개인을 통제하는 기존의 주체성을 벗어나, 탈영토화와 새로'
2026-05-26 07:03:12,523 [INFO    ] footnote_manager: Crossref 쿼리: '박선, 『카메라 소메티카』, 25. 그리스어 '소마(soma, 몸)'에서 알 수 있듯, 시네마가 인간의 신체'
2026-05-26 07:03:12,719 [INFO    ] footnote_manager: Crossref 쿼리: '같은 책, 25. 드헬드 기법과 카메라 소메티카의 결정적인 차이는 '기법(technique)'과 '패러다임('
2026-05-26 07:03:12,819 [INFO    ] footnote_manager: Crossref 쿼리: '〈파란만장〉의 불안정한 이미지를 아이폰이라는 기기의 기술적 한계로 보는 것은 타당하지 않다. kt의 제작 지'
2026-05-26 07:03:12,886 [INFO    ] footnote_manager: Crossref 쿼리: '롤랑 바르트, 『밝은 방: 사진에 관한 노트』, 김웅권 옮김 (서울: 동문선, 2006), 133. 사진의 '
2026-05-26 07:03:13,002 [INFO    ] footnote_manager: Crossref 쿼리: '김예솔비, 「[기획] 미술관과 극장, 교환의 조건들」, 『씨네21』, 2022년 12월 8일, https:/'
2026-05-26 07:03:13,110 [INFO    ] footnote_manager: Crossref 쿼리: '유운성, 「위기의 아름다움」, 『씨네21』. 단순히 장르적 융합이 아닌 두 매체 및 제도의 위기적 교환이라는'
2026-05-26 07:03:13,187 [INFO    ] footnote_manager: Crossref 쿼리: 'brian o'doherty, inside the white cube: the ideology of the '
2026-05-26 07:03:13,213 [INFO    ] footnote_manager: Crossref 쿼리: 'a. l. rees, a history of experimental film and video (london'
2026-05-26 07:03:13,364 [INFO    ] footnote_manager: Crossref 쿼리: 'casetti, lumière galaxy, 21–23. 및 본고 2.4.2. '정동적 수행' 논의.'
2026-05-26 07:03:13,546 [INFO    ] footnote_manager: Crossref 쿼리: ''아이폰으로 찍힌/미술관에 전시된 이미지다'라는 사실을 끊임없이 상기시킨다는 의미로서 사용.'
2026-05-26 07:03:13,599 [INFO    ] footnote_manager: Crossref 쿼리: '박찬욱, 이정현이라는 유명인, sf/호러 요소를 활용한 대중적인 단편 영화의 형태의 상업영화의 겉보기를 갖추'
2026-05-26 07:03:13,726 [INFO    ] footnote_manager: Crossref 쿼리: 'steyerl, "in defense of the poor image," 8.'
2026-05-26 07:03:13,918 [INFO    ] footnote_manager: Crossref 쿼리: 'steyerl, poor image, 8.'
2026-05-26 07:03:14,005 [INFO    ] footnote_manager: Crossref 쿼리: '본 고에서 주장하는 내용이다.'
2026-05-26 07:03:14,153 [INFO    ] footnote_manager: Crossref 쿼리: 'steyerl, "in defense of the poor image," https://www.e-flux.'
2026-05-26 07:03:14,403 [INFO    ] footnote_manager: Crossref 쿼리: '앙드레 바쟁, 『영화란 무엇인가』, 김종원 역 (서울: 문학과지성사, 2000), 25.'
2026-05-26 07:03:14,492 [INFO    ] footnote_manager: Crossref 쿼리: 'steyerl, "in defense of the poor image."'
2026-05-26 07:03:14,634 [INFO    ] footnote_manager: Crossref 쿼리: 'steyerl, "in defense of the poor image."'
2026-05-26 07:03:14,830 [INFO    ] footnote_manager: Crossref 쿼리: 'casetti, lumière galaxy, 21–23. 본 연구에서 정의하는 개념으로, 비표준 기술(아이폰'
2026-05-26 07:03:14,995 [INFO    ] footnote_manager: Crossref 쿼리: '들뢰즈·가타리, 『천 개의 고원』. 본고에서 사용한 '기술-전략적 결합체'는 들뢰즈와 가타리의 '기계적 배치'
2026-05-26 07:03:15,079 [INFO    ] footnote_manager: Crossref 쿼리: '유주연, 「박찬욱 감독의 첫 아이폰영화 파란만장」, 『매일경제』.'
2026-05-26 07:03:15,211 [INFO    ] footnote_manager: Crossref 쿼리: '박찬욱은 제61회 베를린 영화제 황금곰상 단편영화 부문, 제44회 시체스 영화제 오피셜 놉스 비젼 최우수작품'
2026-05-26 07:03:15,724 [INFO    ] footnote_manager: Crossref 쿼리: '막스 호르크하이머·테오도어 w. 아도르노, 『계몽의 변증법: 철학적 단상』, 김유동 옮김 (서울: 문학과지성'
2026-05-26 07:03:15,896 [INFO    ] footnote_manager: Crossref 쿼리: '고티에 테오필, 모팽 양, 권유현 (열림원, 2020).'
2026-05-26 07:03:15,934 [INFO    ] footnote_manager: Crossref 쿼리: '피에르 부르디외, 『구별짓기: 문화적 취향의 사회학 上』, 최종철 옮김 (서울: 새물결, 2005). 부르디'
2026-05-26 07:03:16,012 [INFO    ] footnote_manager: 낮은 신뢰도 (0.00) — 매칭 제외: 'Casetti, The Lumière Galaxy, 32–45.'
2026-05-26 07:03:16,066 [INFO    ] footnote_manager: Crossref 쿼리: '성연주, 「청년예술이 상징자본이 될 수 있는가?: 〈서울청년예술단〉 사업에 관한 사례연구」, 『문화와 사회』'
2026-05-26 07:03:16,142 [INFO    ] footnote_manager: 낮은 신뢰도 (0.00) — 매칭 제외: 'Casetti, The Lumière Galaxy, 41.'
2026-05-26 07:03:16,196 [INFO    ] footnote_manager: 낮은 신뢰도 (0.00) — 매칭 제외: '〈파란만장〉(2011).'
2026-05-26 07:03:16,312 [INFO    ] footnote_manager: Crossref 쿼리: '아이폰 4의 카메라는 작은 센서 크기로 인해 모든 원근이 거의 동시에 초점이 맞게 된다. 아이폰의 아웃포커싱'
2026-05-26 07:03:16,482 [INFO    ] footnote_manager: Crossref 쿼리: 'dslr(digital single-lens reflex camera) 이미지 센서 풀프레임(full fra'
2026-05-26 07:03:16,607 [INFO    ] footnote_manager: Crossref 쿼리: '필름 혹은 이미지 센서의 크기가 작을수록 화각이 좁아지고, 표준 필름과 같은 사이즈의 화각을 촬영하려면 초점'
2026-05-26 07:03:16,652 [INFO    ] footnote_manager: Crossref 쿼리: 'deleuze, cinema 2, 들뢰즈의 시간-이미지 및 크리스탈이미지는 이미지의 우연적 연접과 모든 요소'
2026-05-26 07:03:16,733 [INFO    ] footnote_manager: Crossref 쿼리: '박선, 『카메라 소메티카』. 뉴미디어 시대의 수용자가 스크린 세계를 물리적 현실의 일부로 수용하고 신체와 감'
2026-05-26 07:03:16,803 [INFO    ] footnote_manager: 낮은 신뢰도 (0.00) — 매칭 제외: 'Casetti, The Lumière Galaxy, 41.'
2026-05-26 07:03:16,859 [WARNING ] footnote_manager: Crossref 네트워크 오류: 429 Client Error: Too Many Requests for url: https://api.crossref.org/works?query=francesco+casetti%2C+%22back+to+the+motherland%3A+the+film+theatre+in+the+postmedia+age%2C%22+screen%2C+52%2C+no.+1+%282011%29%3A+1%E2%80%9312.&rows=3
2026-05-26 07:03:16,862 [INFO    ] footnote_manager: 낮은 신뢰도 (0.00) — 매칭 제외: '김지훈, 「시네마의 변화와 존속」.'
2026-05-26 07:03:16,869 [WARNING ] footnote_manager: Crossref 네트워크 오류: 429 Client Error: Too Many Requests for url: https://api.crossref.org/works?query=casetti%2C+lumi%C3%A8re+galaxy%2C+42.&rows=3
2026-05-26 07:03:16,895 [WARNING ] footnote_manager: Crossref 네트워크 오류: 429 Client Error: Too Many Requests for url: https://api.crossref.org/works?query=deleuze%2C+cin%C3%A9ma+2%2C+145.&rows=3
2026-05-26 07:03:16,956 [INFO    ] footnote_manager: Crossref 쿼리: '이종철, 「아이폰 13 프로로 찍다, 박찬욱 감독 '일장춘몽' 제작 비하인드」, 『바이라인 네트워크』, 20'
2026-05-26 07:03:16,965 [WARNING ] footnote_manager: Crossref 네트워크 오류: 429 Client Error: Too Many Requests for url: https://api.crossref.org/works?query=hito+steyerl%2C+%22in+defense+of+the+poor+image%2C%22+e-flux+journal+10+%28november+2009%29.&rows=3
2026-05-26 07:03:17,069 [INFO    ] footnote_manager: Crossref 쿼리: '(parking chance, 2011), [19:09], [18:46] 캡처.'
2026-05-26 07:03:17,084 [INFO    ] footnote_manager: 낮은 신뢰도 (0.31) — 매칭 제외: 'Gilles Deleuze, Cinema 2: The Time-Image (Universi'
2026-05-26 07:03:17,146 [WARNING ] footnote_manager: Crossref 네트워크 오류: 429 Client Error: Too Many Requests for url: https://api.crossref.org/works?query=%EB%A7%B9%ED%95%98%EA%B2%BD%2C+%E3%80%8C%22%EC%9A%B4%EB%8F%99%ED%99%94%EB%A7%8C+%ED%8C%94%EB%8B%A4%EA%B0%84+%EB%A7%9D%ED%95%A0+%EC%88%98%EB%8F%84%22+%EB%8B%8C%ED%85%90%EB%8F%84%C2%B7%EB%84%B7%ED%94%8C%EB%A6%AD%EC%8A%A4%EC%99%80+%EA%B2%BD%EC%9F%81%ED%95%98%EB%8A%94+%EB%82%98%EC%9D%B4%ED%82%A4%E3%80%8D%2C+%E3%80%8E%ED%95%9C%EA%B5%AD%EC%9D%BC%EB%B3%B4%E3%80%8F%2C+2020%EB%85%84+12%EC%9B%94+2%EC%9D%BC.&rows=3
2026-05-26 07:03:17,189 [WARNING ] footnote_manager: Crossref 네트워크 오류: 429 Client Error: Too Many Requests for url: https://api.crossref.org/works?query=%EC%9D%B4+%EB%AA%85%EC%A0%9C%EB%8A%94+%EB%B3%B8+%EC%97%B0%EA%B5%AC%EC%9D%98+%ED%95%B5%EC%8B%AC+%EA%B0%80%EC%84%A4%EC%9D%B4%EC%9E%90+%E3%80%88%ED%8C%8C%EB%9E%80%EB%A7%8C%EC%9E%A5%E3%80%89+%28parking+chance%29+%EC%82%AC%EB%A1%80+%EB%B6%84%EC%84%9D%EC%9D%84+%ED%86%B5%ED%95%B4+%EA%B5%AC%EC%B2%B4%EC%A0%81%EC%9C%BC%EB%A1%9C+%EB%85%BC%EC%A6%9D%EB%90%A0+%EB%82%B4%EC%9A%A9%EC%9D%B4%EB%8B%A4.&rows=3
2026-05-26 07:03:17,273 [INFO    ] footnote_manager: Crossref 쿼리: '발터 벤야민, 「기술복제시대의 예술작품」; 들뢰즈, 『시네마 2』 참조. '정동적 충격(affective s'
2026-05-26 07:03:17,289 [WARNING ] footnote_manager: Crossref 결과 없음: '김영리, 「스크린 쿼터제 축소 반대운동을 비판하는 사람들」, 『월간 말』, 2006년 8월호.'
2026-05-26 07:03:17,321 [INFO    ] footnote_manager: Crossref 쿼리: '(parking chance, 2011), [09:51], [10:47] 캡처.'
2026-05-26 07:03:17,380 [INFO    ] footnote_manager: Crossref 쿼리: '자크 데리다, 『마르크스의 유령들』, 진태원 옮김 (서울: 이제이북스, 2012). 데리다에게 유령(spec'
2026-05-26 07:03:17,402 [INFO    ] footnote_manager: 낮은 신뢰도 (0.00) — 매칭 제외: '김지훈, 「시네마의 변화와 존속」.'
2026-05-26 07:03:17,432 [INFO    ] footnote_manager: Crossref 쿼리: '(parking chance, 2011), [07:10] , [09:19] 캡쳐'
2026-05-26 07:03:17,449 [INFO    ] footnote_manager: Crossref 쿼리: '미셸 푸코, 『헤테로토피아』, 이상길 옮김 (서울: 문학과지성사, 2014). 푸코에게 헤테로토피아는 '타자'
2026-05-26 07:03:17,503 [INFO    ] footnote_manager: 낮은 신뢰도 (0.00) — 매칭 제외: 'Casetti, Lumière Galaxy, 32–45.'
2026-05-26 07:03:17,505 [INFO    ] footnote_manager: 낮은 신뢰도 (0.00) — 매칭 제외: '질 들뢰즈·펠릭스 가타리, 『천 개의 고원: 자본주의와 분열증 2』, 김재인 옮김 (서울:'
2026-05-26 07:03:17,522 [INFO    ] footnote_manager: 낮은 신뢰도 (0.00) — 매칭 제외: '유운성, 「위기의 아름다움」, 『씨네21』, 2011년 9월 29일, https://cin'
2026-05-26 07:03:17,546 [WARNING ] footnote_manager: Crossref 네트워크 오류: 429 Client Error: Too Many Requests for url: https://api.crossref.org/works?query=%EC%B5%9C%EC%86%8C%EC%98%81%2C+%E3%80%8C%ED%8F%AC%EC%8A%A4%ED%8A%B8+%EB%94%94%EC%A7%80%ED%84%B8+%EC%8B%9C%EB%8C%80%EC%9D%98+%EC%98%88%EC%88%A0%EA%B3%BC+%EC%9D%B4%EB%AF%B8%EC%A7%80+%EC%97%B0%EA%B5%AC+%E2%80%95+%ED%9E%88%ED%86%A0+%EC%8A%88%ED%83%80%EC%9D%B4%EC%96%BC%EC%9D%98+%EB%B9%88%EA%B3%A4%ED%95%9C+%EC%9D%B4%EB%AF%B8%EC%A7%80+%EA%B0%9C%EB%85%90%EC%9D%84+%EC%A4%91%EC%8B%AC%EC%9C%BC%EB%A1%9C%E3%80%8D%2C+%E3%80%8E%EC%9D%B8%EA%B3%B5%EC%A7%80%EB%8A%A5%EC%9D%B8%EB%AC%B8%ED%95%99%EC%97%B0%EA%B5%AC%E3%80%8F+7%EC%A7%91+%282021%29%3A+171%E2%80%93193.&rows=3
2026-05-26 07:03:17,547 [WARNING ] footnote_manager: Crossref 네트워크 오류: 429 Client Error: Too Many Requests for url: https://api.crossref.org/works?query=john+belton%2C+%22if+film+is+dead%2C+what+is+cinema%3F%22+screen+55%2C+no.+4+%28winter+2014%29%3A+467.+%EB%B2%A8%ED%8A%BC%EC%9D%80+%EB%8B%A4%EC%9D%8C%EA%B3%BC+%EA%B0%99%EC%9D%B4+%EB%A7%90%ED%95%9C%EB%8B%A4%3A+%22if+the+transformation+of+the+cinematic+apparatus+outlined+by+friedberg+is+symptomatic+of+the+erosion+of+the+cinema%27s+identity%2C+could+not+the+relative+stability+of+the+more+traditional+apparatus+in+the+theatre+become+the+means+for+fixing+that+identity+in+the+era+of+multimedia+digital+soup%3F%22&rows=3
2026-05-26 07:03:17,547 [WARNING ] footnote_manager: Crossref 네트워크 오류: 429 Client Error: Too Many Requests for url: https://api.crossref.org/works?query=susan+sontag%2C+%22the+decay+of+cinema%2C%22+the+new+york+times%2C+february+25%2C+1996%2C+https%3A%2F%2Fwww.nytimes.com%2F1996%2F02%2F25%2Fmagazine%2Fthe-decay-of-cinema.html+%28%EC%A0%91%EC%86%8D%EC%9D%BC%3A+2025%EB%85%84+10%EC%9B%94+11%EC%9D%BC%29.&rows=3
2026-05-26 07:03:17,559 [WARNING ] footnote_manager: Crossref 네트워크 오류: 429 Client Error: Too Many Requests for url: https://api.crossref.org/works?query=%EC%9C%A0%EC%9A%B4%EC%84%B1%2C+%E3%80%8C%EC%9C%84%EA%B8%B0%EC%9D%98+%EC%95%84%EB%A6%84%EB%8B%A4%EC%9B%80%E3%80%8D%2C+%E3%80%8E%EC%94%A8%EB%84%A421%E3%80%8F.&rows=3
2026-05-26 07:03:17,559 [WARNING ] footnote_manager: Crossref 네트워크 오류: 429 Client Error: Too Many Requests for url: https://api.crossref.org/works?query=casetti%2C+lumi%C3%A8re+galaxy%2C+42%E2%80%9345.&rows=3
2026-05-26 07:03:17,576 [WARNING ] footnote_manager: Crossref 네트워크 오류: 429 Client Error: Too Many Requests for url: https://api.crossref.org/works?query=%EC%9D%B4%EB%AF%B8%EC%97%B0%2C+%E3%80%8C%EB%94%94%EC%A7%80%ED%84%B8+%EC%9D%B4%EB%AF%B8%EC%A7%80%EC%9D%98+%EC%A0%95%EC%B9%98%EC%84%B1%3A+%ED%9E%88%ED%86%A0+%EC%8A%88%ED%83%80%EC%9D%B4%EC%96%BC%EC%9D%98+%EC%9E%91%ED%92%88%EA%B3%BC+%EC%A0%80%EC%9E%91%EC%9D%84+%EA%B2%BD%EC%9C%A0%ED%95%98%EC%97%AC+%EA%B8%B0+%EB%93%9C%EB%B3%B4%EB%A5%B4%EC%9D%98+%EC%8B%A4%EC%B2%9C+%EC%A0%84%EB%9E%B5%EC%9D%84+%EC%9E%AC%EC%A7%88%EB%AC%B8%ED%95%98%EA%B8%B0%E3%80%8D+%2C+%EC%97%B0%EC%84%B8%EB%8C%80%ED%95%99%EA%B5%90+%EC%BB%A4%EB%AE%A4%EB%8B%88%EC%BC%80%EC%9D%B4%EC%85%98%EB%8C%80%ED%95%99%EC%9B%90+%EC%84%9D%EC%82%AC%ED%95%99%EC%9C%84%EB%85%BC%EB%AC%B8+%282019%29.&rows=3
2026-05-26 07:03:17,579 [INFO    ] footnote_manager: 낮은 신뢰도 (0.00) — 매칭 제외: '〈파란만장〉 (Night Fishing), 감독 박찬경·박찬욱 (2011).'
2026-05-26 07:03:17,589 [WARNING ] footnote_manager: Crossref 네트워크 오류: 429 Client Error: Too Many Requests for url: https://api.crossref.org/works?query=casetti%2C+lumi%C3%A8re+galaxy%2C+135%E2%80%93148.&rows=3
2026-05-26 07:03:17,599 [WARNING ] footnote_manager: Crossref 네트워크 오류: 429 Client Error: Too Many Requests for url: https://api.crossref.org/works?query=jean-louis+baudry%2C+%22ideological+effects+of+the+basic+cinematographic+apparatus%2C%22+film+quarterly+28%2C+no.+2+%281974%29%3A+39.&rows=3
2026-05-26 07:03:17,602 [INFO    ] footnote_manager: Crossref 쿼리: '바쟁, 『영화란 무엇인가』, 25.'
2026-05-26 07:03:17,666 [INFO    ] footnote_manager: 낮은 신뢰도 (0.00) — 매칭 제외: '김지훈, 「다큐멘터리의 확장된 디스포지티프」, 5–67.'
2026-05-26 07:03:17,697 [INFO    ] footnote_manager: Crossref 쿼리: 'https://vimeo.com/115480849'
2026-05-26 07:03:17,712 [WARNING ] footnote_manager: Crossref 네트워크 오류: 429 Client Error: Too Many Requests for url: https://api.crossref.org/works?query=%EB%B0%95%EC%B0%AC%EC%9A%B1%28park+chan-wook%29%EA%B3%BC+%EB%B0%95%EC%B0%AC%EA%B2%BD%28park+chan-kyong%29+%EA%B0%90%EB%8F%85%EC%9D%B4+2011%EB%85%84%EC%97%90+%EA%B2%B0%EC%84%B1%ED%95%9C+%EA%B3%B5%EB%8F%99+%EC%B0%BD%EC%9E%91+%ED%94%84%EB%A1%9C%EC%A0%9D%ED%8A%B8+%ED%8C%80+%EC%9D%B4%EB%A6%84.&rows=3
2026-05-26 07:03:17,751 [INFO    ] footnote_manager: 낮은 신뢰도 (0.00) — 매칭 제외: '자크 데리다, 『마르크스의 유령들』, 진태원 옮김 (서울: 이제이북스, 2012).'
2026-05-26 07:03:17,779 [WARNING ] footnote_manager: Crossref 네트워크 오류: 429 Client Error: Too Many Requests for url: https://api.crossref.org/works?query=casetti%2C+lumi%C3%A8re+galaxy%2C+65%E2%80%9370%2C+105%E2%80%93110.&rows=3
2026-05-26 07:03:17,782 [INFO    ] footnote_manager: 낮은 신뢰도 (0.00) — 매칭 제외: '김지훈, 「시네마의 변화와 존속」.'
2026-05-26 07:03:17,814 [INFO    ] footnote_manager: Crossref 쿼리: 'casetti, lumière galaxy. 카세티에게 '디스플레이'는 전통적인 스크린의 은유(창, 프레임,'
2026-05-26 07:03:17,855 [WARNING ] footnote_manager: Crossref 네트워크 오류: 429 Client Error: Too Many Requests for url: https://api.crossref.org/works?query=%EA%B9%80%EB%AF%BC%EA%B2%BD%2C+%E3%80%8C%EC%82%AC%ED%9A%8C%EC%A0%81+%EC%8A%A4%ED%81%AC%EB%A6%B0%EC%9D%98+%ED%8C%90%ED%83%80%EC%8A%A4%EB%A7%88%EA%B3%A0%EB%A6%AC%EC%95%84%3A+%ED%9E%88%ED%86%A0+%EC%8A%88%ED%83%80%EC%9D%B4%EC%96%BC%EC%9D%98+%EC%9D%B4%EB%AF%B8%EC%A7%80+%EC%A0%95%EC%B9%98+%EC%97%B0%EA%B5%AC%E3%80%8D%2C+%EC%84%9C%EC%9A%B8%EB%8C%80%ED%95%99%EA%B5%90+%EB%8C%80%ED%95%99%EC%9B%90+%EC%84%9D%EC%82%AC%ED%95%99%EC%9C%84%EB%85%BC%EB%AC%B8+%282024%29.&rows=3
2026-05-26 07:03:17,858 [INFO    ] footnote_manager: 낮은 신뢰도 (0.00) — 매칭 제외: 'Casetti, Lumière Galaxy, 135–148.'
2026-05-26 07:03:17,869 [WARNING ] footnote_manager: Crossref 네트워크 오류: 429 Client Error: Too Many Requests for url: https://api.crossref.org/works?query=%EB%B0%95%EC%84%A0%2C+%E3%80%8E%EC%B9%B4%EB%A9%94%EB%9D%BC+%EC%86%8C%EB%A9%94%ED%8B%B0%EC%B9%B4%3A+%ED%8F%AC%EC%8A%A4%ED%8A%B8-%EC%8B%9C%EB%84%A4%EB%A7%88+%EC%8B%9C%EB%8C%80%EC%9D%98+%ED%9A%8C%ED%99%94%EC%99%80+%EC%98%81%ED%99%94%E3%80%8F+%28%EC%84%9C%EC%9A%B8%3A+%EA%B0%88%EB%AC%B4%EB%A6%AC%2C+2023%29%2C+21%E2%80%9325.&rows=3
2026-05-26 07:03:17,912 [INFO    ] footnote_manager: 낮은 신뢰도 (0.00) — 매칭 제외: '김지훈, 「다큐멘터리의 확장된 디스포지티프」, 『영화연구』 78호 (2018): 386.'
2026-05-26 07:03:17,949 [WARNING ] footnote_manager: Crossref 결과 없음: '곽영진, 「스크린쿼터, 그 축소 공방의 논리 지형」, 『paf』 46호, 2004, 80-81. 메이저 영화'
2026-05-26 07:03:18,139 [WARNING ] footnote_manager: Crossref 네트워크 오류: 429 Client Error: Too Many Requests for url: https://api.crossref.org/works?query=francesco+casetti%2C+the+lumi%C3%A8re+galaxy%3A+seven+key+words+for+the+cinema+to+come%2C+trans.+antonio+somaini+%28new+york%3A+columbia+university+press%2C+2011%29.&rows=3
2026-05-26 07:03:18,183 [INFO    ] footnote_manager: 낮은 신뢰도 (0.00) — 매칭 제외: 'Casetti, Lumière Galaxy, 14.'
2026-05-26 07:03:18,292 [INFO    ] footnote_manager: 낮은 신뢰도 (0.00) — 매칭 제외: '김지훈, 「시네마의 변화와 존속 ― 『뤼미에르 은하계』와 포스트-시네마 연구」, 『현대영화'
2026-05-26 07:03:18,415 [INFO    ] footnote_manager: Crossref 쿼리: 'anne friedberg, "the end of cinema: multimedia and technolog'
2026-05-26 07:03:18,512 [INFO    ] footnote_manager: Crossref 쿼리: '들뢰즈·가타리, 『천 개의 고원』.'
2026-05-26 07:03:18,652 [INFO    ] footnote_manager: 낮은 신뢰도 (0.15) — 매칭 제외: '기 드보르, 『스펙타클의 사회』, 이경숙 옮김 (서울: 현실문화연구, 1996).'
2026-05-26 07:03:18,703 [INFO    ] footnote_manager: Crossref 쿼리: '같은 책.'
2026-05-26 07:03:18,729 [WARNING ] footnote_manager: Crossref 결과 없음: 'deleuze, cinema 2, 156–157. 크리스탈-이미지의 핵심적 작동 방식으로, 관객이 판단할 수'
2026-05-26 07:03:18,793 [INFO    ] footnote_manager: Crossref 쿼리: 'kt 홍보라는 태생적 목적 때문에, 이 영화는 최대한 많은 사람이 보는 것이 중요했고, 따라서 온라인 무료 '
2026-05-26 07:03:18,832 [INFO    ] footnote_manager: 낮은 신뢰도 (0.00) — 매칭 제외: 'Deleuze, Cinema 2, 69–70. 순수 시간을 이미지로 직접 현현시킨다.'
2026-05-26 07:03:18,862 [INFO    ] footnote_manager: 낮은 신뢰도 (0.00) — 매칭 제외: '미셸 푸코, 『헤테로토피아』, 이상길 옮김 (서울: 문학과지성사, 2014), 15–37.'
2026-05-26 07:03:18,872 [INFO    ] footnote_manager: 낮은 신뢰도 (0.00) — 매칭 제외: '들뢰즈·가타리, 『천 개의 고원』, 161–162. 개인을 통제하는 기존의 주체성을 벗어나'
2026-05-26 07:03:18,885 [INFO    ] footnote_manager: Crossref 쿼리: '스마트폰으로 영화를 보는 것은 더 이상 '열등한' 경험이 아니라, '친밀하고(intimate)', '사적인('
2026-05-26 07:03:18,962 [INFO    ] footnote_manager: 낮은 신뢰도 (0.00) — 매칭 제외: '푸코, 『헤테로토피아』.'
2026-05-26 07:03:18,990 [INFO    ] footnote_manager: Crossref 쿼리: '발터 벤야민, 「기술복제시대의 예술작품」, 『발터 벤야민 선집 2: 기술복제시대의 예술작품/사진의 작은 역사'
2026-05-26 07:03:19,091 [INFO    ] footnote_manager: 낮은 신뢰도 (0.04) — 매칭 제외: '박선, 『카메라 소메티카』, 25. 그리스어 '소마(Soma, 몸)'에서 알 수 있듯, 시'
2026-05-26 07:03:19,102 [INFO    ] footnote_manager: Crossref 쿼리: 'guillaume python. ©parking chance. production by moho film'
2026-05-26 07:03:19,122 [INFO    ] footnote_manager: 낮은 신뢰도 (0.00) — 매칭 제외: '이은아, 「관객의 영화 경험에 대한 현상학적 접근: 메를로-퐁티 몸 현상학에 기반한 소브책'
2026-05-26 07:03:19,124 [INFO    ] footnote_manager: Crossref 쿼리: '유지나, 「〈소공녀〉, 취향의 배치와 탈영토화 여정 연구」, 『씨네포럼』 44호 (2021): 93.'
2026-05-26 07:03:19,307 [INFO    ] footnote_manager: Crossref 쿼리: '서울시립미술관 'highlights' 까르띠에 현대미술재단 소장전, parking chance 인터뷰.'
2026-05-26 07:03:19,381 [INFO    ] footnote_manager: 낮은 신뢰도 (0.00) — 매칭 제외: '들뢰즈·가타리, 『천 개의 고원』, 156–157. 질서와 틀에서 벗어나 새로운 잠재성이나'
2026-05-26 07:03:19,399 [INFO    ] footnote_manager: Crossref 쿼리: '본고에서는 j. l. 오스틴(j. l. austin)으로부터 시작되어 확장된 수행(performance) 개'
2026-05-26 07:03:19,428 [INFO    ] footnote_manager: Crossref 쿼리: 'parking chance, 2011, [29:12] 캡처.'
2026-05-26 07:03:19,429 [WARNING ] footnote_manager: Crossref 결과 없음: '유운성, 「위기의 아름다움」, 『씨네21』. 단순히 장르적 융합이 아닌 두 매체 및 제도의 위기적 교환이라는'
2026-05-26 07:03:19,479 [INFO    ] footnote_manager: Crossref 쿼리: 'parking chance, 2011, [ 29:12] 캡처.'
2026-05-26 07:03:19,529 [WARNING ] footnote_manager: Crossref 네트워크 오류: 429 Client Error: Too Many Requests for url: https://api.crossref.org/works?query=%EA%B9%80%EC%A7%80%ED%9B%88%2C+%E3%80%8C%EC%8B%9C%EB%84%A4%EB%A7%88%EC%9D%98+%EB%B3%80%ED%99%94%EC%99%80+%EC%A1%B4%EC%86%8D%E3%80%8D%2C+386.&rows=3
2026-05-26 07:03:19,542 [INFO    ] footnote_manager: 낮은 신뢰도 (0.46) — 매칭 제외: 'Brian O'Doherty, Inside the White Cube: The Ideolo'
2026-05-26 07:03:19,563 [INFO    ] footnote_manager: Crossref 쿼리: ''정동적 과잉'은 감각적·정서적 표현을 의미한다. 공포, 멜로드라마, 포르노그래피와 같은 '신체 장르(bod'
2026-05-26 07:03:19,632 [INFO    ] footnote_manager: Crossref 쿼리: 'parking chance, 2011, [8:39] 캡처.'
2026-05-26 07:03:19,742 [INFO    ] footnote_manager: 낮은 신뢰도 (0.11) — 매칭 제외: 'Francesco Casetti, "The Senses of the Place," Jour'
2026-05-26 07:03:19,799 [INFO    ] footnote_manager: Crossref 쿼리: '유지나, 「〈소공녀〉, 취향의 배치와 탈영토화 여정 연구」, 『씨네포럼』 44호 (2021): 93.'
2026-05-26 07:03:19,842 [INFO    ] footnote_manager: 낮은 신뢰도 (0.00) — 매칭 제외: 'Casetti, Lumière Galaxy, 168–180.'
2026-05-26 07:03:19,862 [INFO    ] footnote_manager: 낮은 신뢰도 (0.00) — 매칭 제외: 'Brian Massumi, Parables for the Virtual: Movement,'
2026-05-26 07:03:19,878 [WARNING ] footnote_manager: Crossref 결과 없음: 'deleuze, cinema 2. 감각운동적 연접은 지각 → 감정 → 행동으로 자연스럽게 이어지는 흐름이다.'
2026-05-26 07:03:19,899 [WARNING ] footnote_manager: Crossref 결과 없음: '같은 책, 25. 드헬드 기법과 카메라 소메티카의 결정적인 차이는 '기법(technique)'과 '패러다임('
2026-05-26 07:03:19,941 [INFO    ] footnote_manager: Crossref 쿼리: 'steyerl, "in defense of the poor image," 8. 이미지의 진실은 원본의 선명함'
2026-05-26 07:03:19,992 [INFO    ] footnote_manager: Crossref 쿼리: '들뢰즈·가타리, 『천 개의 고원』, 452–453. 이들은 '-되기'를 "모방도 아니고 동화도 아니"며, 두'
2026-05-26 07:03:20,059 [WARNING ] footnote_manager: Crossref 결과 없음: '김예솔비, 「[기획] 미술관과 극장, 교환의 조건들」, 『씨네21』, 2022년 12월 8일, https:/'
2026-05-26 07:03:20,100 [INFO    ] footnote_manager: Crossref 쿼리: '(parking chance, 2011), [29:40] 캡처'
2026-05-26 07:03:20,112 [INFO    ] footnote_manager: 낮은 신뢰도 (0.00) — 매칭 제외: 'Steyerl, Poor Image, 8.'
2026-05-26 07:03:20,130 [INFO    ] footnote_manager: Crossref 쿼리: 'steyerl, "in defense of the poor image," 8. 슈타이얼은 이 글에서 이미지의'
2026-05-26 07:03:20,156 [INFO    ] footnote_manager: Crossref 쿼리: '유지나, 「〈소공녀〉, 취향의 배치와 탈영토화 여정 연구」, 93. 해당 논문은 주인공 미소의 여정을 "남들'
2026-05-26 07:03:20,273 [WARNING ] footnote_manager: Crossref 결과 없음: 'casetti, lumière galaxy, 21–23. 본 연구에서 정의하는 개념으로, 비표준 기술(아이폰'
2026-05-26 07:03:20,462 [WARNING ] footnote_manager: Crossref 결과 없음: ''아이폰으로 찍힌/미술관에 전시된 이미지다'라는 사실을 끊임없이 상기시킨다는 의미로서 사용.'
2026-05-26 07:03:20,642 [INFO    ] footnote_manager: 낮은 신뢰도 (0.15) — 매칭 제외: 'Casetti, Lumière Galaxy, 21–23. 및 본고 2.4.2. '정동적 수'
2026-05-26 07:03:20,739 [WARNING ] footnote_manager: Crossref 결과 없음: '롤랑 바르트, 『밝은 방: 사진에 관한 노트』, 김웅권 옮김 (서울: 동문선, 2006), 133. 사진의 '
2026-05-26 07:03:20,782 [INFO    ] footnote_manager: 낮은 신뢰도 (0.00) — 매칭 제외: '박찬욱, 이정현이라는 유명인, SF/호러 요소를 활용한 대중적인 단편 영화의 형태의 상업영'
2026-05-26 07:03:20,799 [WARNING ] footnote_manager: Crossref 결과 없음: '〈파란만장〉의 불안정한 이미지를 아이폰이라는 기기의 기술적 한계로 보는 것은 타당하지 않다. kt의 제작 지'
2026-05-26 07:03:20,913 [INFO    ] footnote_manager: 낮은 신뢰도 (0.00) — 매칭 제외: 'A. L. Rees, A History of Experimental Film and Vid'
2026-05-26 07:03:21,109 [WARNING ] footnote_manager: Crossref 네트워크 오류: 429 Client Error: Too Many Requests for url: https://api.crossref.org/works?query=%EA%B3%A0%ED%8B%B0%EC%97%90+%ED%85%8C%EC%98%A4%ED%95%84%2C+%EB%AA%A8%ED%8C%BD+%EC%96%91%2C+%EA%B6%8C%EC%9C%A0%ED%98%84+%28%EC%97%B4%EB%A6%BC%EC%9B%90%2C+2020%29.&rows=3
2026-05-26 07:03:21,192 [INFO    ] footnote_manager: 낮은 신뢰도 (0.00) — 매칭 제외: '본 고에서 주장하는 내용이다.'
2026-05-26 07:03:21,319 [WARNING ] footnote_manager: Crossref 네트워크 오류: 429 Client Error: Too Many Requests for url: https://api.crossref.org/works?query=%EC%95%99%EB%93%9C%EB%A0%88+%EB%B0%94%EC%9F%81%2C+%E3%80%8E%EC%98%81%ED%99%94%EB%9E%80+%EB%AC%B4%EC%97%87%EC%9D%B8%EA%B0%80%E3%80%8F%2C+%EA%B9%80%EC%A2%85%EC%9B%90+%EC%97%AD+%28%EC%84%9C%EC%9A%B8%3A+%EB%AC%B8%ED%95%99%EA%B3%BC%EC%A7%80%EC%84%B1%EC%82%AC%2C+2000%29%2C+25.&rows=3
2026-05-26 07:03:21,339 [WARNING ] footnote_manager: Crossref 결과 없음: '피에르 부르디외, 『구별짓기: 문화적 취향의 사회학 上』, 최종철 옮김 (서울: 새물결, 2005). 부르디'
2026-05-26 07:03:21,879 [WARNING ] footnote_manager: Crossref 결과 없음: '박선, 『카메라 소메티카』. 뉴미디어 시대의 수용자가 스크린 세계를 물리적 현실의 일부로 수용하고 신체와 감'
2026-05-26 07:03:22,099 [WARNING ] footnote_manager: Crossref 결과 없음: '박찬욱은 제61회 베를린 영화제 황금곰상 단편영화 부문, 제44회 시체스 영화제 오피셜 놉스 비젼 최우수작품'
2026-05-26 07:03:22,229 [WARNING ] footnote_manager: Crossref 결과 없음: '필름 혹은 이미지 센서의 크기가 작을수록 화각이 좁아지고, 표준 필름과 같은 사이즈의 화각을 촬영하려면 초점'
2026-05-26 07:03:22,229 [WARNING ] footnote_manager: Crossref 결과 없음: '자크 데리다, 『마르크스의 유령들』, 진태원 옮김 (서울: 이제이북스, 2012). 데리다에게 유령(spec'
2026-05-26 07:03:22,239 [WARNING ] footnote_manager: Crossref 결과 없음: '들뢰즈·가타리, 『천 개의 고원』. 본고에서 사용한 '기술-전략적 결합체'는 들뢰즈와 가타리의 '기계적 배치'
2026-05-26 07:03:22,249 [WARNING ] footnote_manager: Crossref 결과 없음: '막스 호르크하이머·테오도어 w. 아도르노, 『계몽의 변증법: 철학적 단상』, 김유동 옮김 (서울: 문학과지성'
2026-05-26 07:03:22,331 [INFO    ] footnote_manager: 낮은 신뢰도 (0.00) — 매칭 제외: '유주연, 「박찬욱 감독의 첫 아이폰영화 파란만장」, 『매일경제』.'
2026-05-26 07:03:22,442 [INFO    ] footnote_manager: 낮은 신뢰도 (0.00) — 매칭 제외: '(PARKing CHANce, 2011), [07:10] , [09:19] 캡쳐'
2026-05-26 07:03:22,479 [WARNING ] footnote_manager: Crossref 결과 없음: '발터 벤야민, 「기술복제시대의 예술작품」; 들뢰즈, 『시네마 2』 참조. '정동적 충격(affective s'
2026-05-26 07:03:22,542 [INFO    ] footnote_manager: 낮은 신뢰도 (0.00) — 매칭 제외: 'Deleuze, Cinema 2, 들뢰즈의 시간-이미지 및 크리스탈이미지는 이미지의 우연적'
2026-05-26 07:03:22,842 [INFO    ] footnote_manager: 낮은 신뢰도 (0.00) — 매칭 제외: 'DSLR(Digital Single-Lens Reflex Camera) 이미지 센서 풀프레'
2026-05-26 07:03:22,879 [WARNING ] footnote_manager: Crossref 네트워크 오류: 429 Client Error: Too Many Requests for url: https://api.crossref.org/works?query=%EC%9D%B4%EC%A2%85%EC%B2%A0%2C+%E3%80%8C%EC%95%84%EC%9D%B4%ED%8F%B0+13+%ED%94%84%EB%A1%9C%EB%A1%9C+%EC%B0%8D%EB%8B%A4%2C+%EB%B0%95%EC%B0%AC%EC%9A%B1+%EA%B0%90%EB%8F%85+%27%EC%9D%BC%EC%9E%A5%EC%B6%98%EB%AA%BD%27+%EC%A0%9C%EC%9E%91+%EB%B9%84%ED%95%98%EC%9D%B8%EB%93%9C%E3%80%8D%2C+%E3%80%8E%EB%B0%94%EC%9D%B4%EB%9D%BC%EC%9D%B8+%EB%84%A4%ED%8A%B8%EC%9B%8C%ED%81%AC%E3%80%8F%2C+2022%EB%85%84+2%EC%9B%94+18%EC%9D%BC.+%EB%B0%95%EC%B0%AC%EC%9A%B1+%EA%B0%90%EB%8F%85%EC%9D%80+%EC%9D%B4%ED%9B%84+%EC%95%84%EC%9D%B4%ED%8F%B0+13+%ED%94%84%EB%A1%9C%EB%A1%9C+%EC%B4%AC%EC%98%81%ED%95%9C+%EB%8B%A8%ED%8E%B8+%3C%EC%9D%BC%EC%9E%A5%EC%B6%98%EB%AA%BD%3E%282022%29%EC%97%90%EC%84%9C%EB%8F%84+%EC%9D%B4%EB%9F%AC%ED%95%9C+%EA%B7%BC%EC%A0%91%EC%84%B1%EC%9D%98+%ED%9A%A8%EA%B3%BC%EB%A5%BC+%EC%A0%81%EA%B7%B9%EC%A0%81%EC%9C%BC%EB%A1%9C+%ED%99%9C%EC%9A%A9%ED%96%88%EB%8B%A4.+%EB%B0%B0%EC%9A%B0+%EB%B0%95%EC%A0%95%EB%AF%BC%EC%9D%80+%EC%9E%91%EC%9D%80+%EA%B8%B0%EA%B8%B0%EA%B0%80+%EB%A7%8C%EB%93%A4%EC%96%B4%EB%82%B4%EB%8A%94+%EB%8F%85%ED%8A%B9%ED%95%9C+%EC%B4%AC%EC%98%81+%ED%99%98%EA%B2%BD%EA%B3%BC+%EA%B7%B8%EA%B2%83%EC%9D%B4+%EB%B0%B0%EC%9A%B0%EC%9D%98+%EC%97%B0%EA%B8%B0%EC%97%90+%EB%AF%B8%EC%B9%98%EB%8A%94+%EC%A7%81%EC%A0%91%EC%A0%81%EC%9D%B8+%EC%98%81%ED%96%A5%EC%9D%84+%EC%A6%9D%EC%96%B8%ED%96%88%EB%8B%A4.&rows=3
2026-05-26 07:03:22,909 [WARNING ] footnote_manager: Crossref 결과 없음: '아이폰 4의 카메라는 작은 센서 크기로 인해 모든 원근이 거의 동시에 초점이 맞게 된다. 아이폰의 아웃포커싱'
2026-05-26 07:03:22,929 [WARNING ] footnote_manager: Crossref 결과 없음: '성연주, 「청년예술이 상징자본이 될 수 있는가?: 〈서울청년예술단〉 사업에 관한 사례연구」, 『문화와 사회』'
2026-05-26 07:03:22,942 [INFO    ] footnote_manager: 낮은 신뢰도 (0.00) — 매칭 제외: '들뢰즈·가타리, 『천 개의 고원』.'
2026-05-26 07:03:22,969 [WARNING ] footnote_manager: Crossref 네트워크 오류: 429 Client Error: Too Many Requests for url: https://api.crossref.org/works?query=parking+chance%2C+2011%2C+%5B8%3A39%5D+%EC%BA%A1%EC%B2%98.&rows=3
2026-05-26 07:03:23,061 [INFO    ] footnote_manager: 낮은 신뢰도 (0.00) — 매칭 제외: 'https://vimeo.com/115480849'
2026-05-26 07:03:23,068 [WARNING ] footnote_manager: Crossref 네트워크 오류: 429 Client Error: Too Many Requests for url: https://api.crossref.org/works?query=%27%EC%A0%95%EB%8F%99%EC%A0%81+%EA%B3%BC%EC%9E%89%27%EC%9D%80+%EA%B0%90%EA%B0%81%EC%A0%81%C2%B7%EC%A0%95%EC%84%9C%EC%A0%81+%ED%91%9C%ED%98%84%EC%9D%84+%EC%9D%98%EB%AF%B8%ED%95%9C%EB%8B%A4.+%EA%B3%B5%ED%8F%AC%2C+%EB%A9%9C%EB%A1%9C%EB%93%9C%EB%9D%BC%EB%A7%88%2C+%ED%8F%AC%EB%A5%B4%EB%85%B8%EA%B7%B8%EB%9E%98%ED%94%BC%EC%99%80+%EA%B0%99%EC%9D%80+%27%EC%8B%A0%EC%B2%B4+%EC%9E%A5%EB%A5%B4%28body+genres%29%27%EC%97%90%EC%84%9C+%EC%A3%BC%EB%A1%9C+%EB%82%98%ED%83%80%EB%82%9C%EB%8B%A4.&rows=3
2026-05-26 07:03:23,070 [INFO    ] footnote_manager: 낮은 신뢰도 (0.22) — 매칭 제외: 'Anne Friedberg, "The End of Cinema: Multimedia and'
2026-05-26 07:03:23,151 [INFO    ] footnote_manager: 낮은 신뢰도 (0.00) — 매칭 제외: '유지나, 「〈소공녀〉, 취향의 배치와 탈영토화 여정 연구」, 『씨네포럼』 44호 (2021'
2026-05-26 07:03:23,159 [WARNING ] footnote_manager: Crossref 결과 없음: 'casetti, lumière galaxy. 카세티에게 '디스플레이'는 전통적인 스크린의 은유(창, 프레임,'
2026-05-26 07:03:23,229 [WARNING ] footnote_manager: Crossref 결과 없음: '미셸 푸코, 『헤테로토피아』, 이상길 옮김 (서울: 문학과지성사, 2014). 푸코에게 헤테로토피아는 '타자'
2026-05-26 07:03:23,248 [WARNING ] footnote_manager: Crossref 네트워크 오류: 429 Client Error: Too Many Requests for url: https://api.crossref.org/works?query=%EB%B0%9C%ED%84%B0+%EB%B2%A4%EC%95%BC%EB%AF%BC%2C+%E3%80%8C%EA%B8%B0%EC%88%A0%EB%B3%B5%EC%A0%9C%EC%8B%9C%EB%8C%80%EC%9D%98+%EC%98%88%EC%88%A0%EC%9E%91%ED%92%88%E3%80%8D%2C+%E3%80%8E%EB%B0%9C%ED%84%B0+%EB%B2%A4%EC%95%BC%EB%AF%BC+%EC%84%A0%EC%A7%91+2%3A+%EA%B8%B0%EC%88%A0%EB%B3%B5%EC%A0%9C%EC%8B%9C%EB%8C%80%EC%9D%98+%EC%98%88%EC%88%A0%EC%9E%91%ED%92%88%2F%EC%82%AC%EC%A7%84%EC%9D%98+%EC%9E%91%EC%9D%80+%EC%97%AD%EC%82%AC+%EC%99%B8%E3%80%8F%2C+%EC%B5%9C%EC%84%B1%EB%A7%8C+%EC%98%AE%EA%B9%80+%28%EC%84%9C%EC%9A%B8%3A+%EA%B8%B8%2C+2015%29.&rows=3
2026-05-26 07:03:23,270 [INFO    ] footnote_manager: 낮은 신뢰도 (0.00) — 매칭 제외: '바쟁, 『영화란 무엇인가』, 25.'
2026-05-26 07:03:23,290 [INFO    ] footnote_manager: 낮은 신뢰도 (0.00) — 매칭 제외: 'Guillaume Python. ©PARKing CHANce. Production by M'
2026-05-26 07:03:23,308 [WARNING ] footnote_manager: Crossref 네트워크 오류: 429 Client Error: Too Many Requests for url: https://api.crossref.org/works?query=parking+chance%2C+2011%2C+%5B+29%3A12%5D+%EC%BA%A1%EC%B2%98.&rows=3
2026-05-26 07:03:23,320 [INFO    ] footnote_manager: 낮은 신뢰도 (0.00) — 매칭 제외: '(PARKing CHANce, 2011), [19:09], [18:46] 캡처.'
2026-05-26 07:03:23,349 [WARNING ] footnote_manager: Crossref 결과 없음: '유지나, 「〈소공녀〉, 취향의 배치와 탈영토화 여정 연구」, 93. 해당 논문은 주인공 미소의 여정을 "남들'
2026-05-26 07:03:23,390 [INFO    ] footnote_manager: 낮은 신뢰도 (0.00) — 매칭 제외: '(PARKing CHANce, 2011), [09:51], [10:47] 캡처.'
2026-05-26 07:03:23,408 [WARNING ] footnote_manager: Crossref 네트워크 오류: 429 Client Error: Too Many Requests for url: https://api.crossref.org/works?query=%EC%84%9C%EC%9A%B8%EC%8B%9C%EB%A6%BD%EB%AF%B8%EC%88%A0%EA%B4%80+%27highlights%27+%EA%B9%8C%EB%A5%B4%EB%9D%A0%EC%97%90+%ED%98%84%EB%8C%80%EB%AF%B8%EC%88%A0%EC%9E%AC%EB%8B%A8+%EC%86%8C%EC%9E%A5%EC%A0%84%2C+parking+chance+%EC%9D%B8%ED%84%B0%EB%B7%B0.&rows=3
2026-05-26 07:03:23,428 [WARNING ] footnote_manager: Crossref 네트워크 오류: 429 Client Error: Too Many Requests for url: https://api.crossref.org/works?query=%28parking+chance%2C+2011%29%2C+%5B29%3A40%5D+%EC%BA%A1%EC%B2%98&rows=3
2026-05-26 07:03:23,468 [WARNING ] footnote_manager: Crossref 네트워크 오류: 429 Client Error: Too Many Requests for url: https://api.crossref.org/works?query=steyerl%2C+%22in+defense+of+the+poor+image%2C%22+8.+%EC%9D%B4%EB%AF%B8%EC%A7%80%EC%9D%98+%EC%A7%84%EC%8B%A4%EC%9D%80+%EC%9B%90%EB%B3%B8%EC%9D%98+%EC%84%A0%EB%AA%85%ED%95%A8%EC%9D%B4%EB%82%98+%EC%9E%AC%ED%98%84%EC%9D%98+%EC%A0%95%ED%99%95%EC%84%B1%EC%97%90+%EC%9E%88%EB%8A%94+%EA%B2%83%EC%9D%B4+%EC%95%84%EB%8B%88%EB%9D%BC%2C+%EA%B7%B8+%EC%9D%B4%EB%AF%B8%EC%A7%80%EA%B0%80+%EC%96%B4%EB%96%BB%EA%B2%8C+%EC%9C%A0%ED%86%B5%EB%90%98%EA%B3%A0%2C+%EA%B3%B5%EC%9C%A0%EB%90%98%EB%A9%B0%2C+%EC%83%88%EB%A1%9C%EC%9A%B4+%EB%A7%A5%EB%9D%BD+%EC%86%8D%EC%97%90%EC%84%9C+%EC%96%B4%EB%96%A4+%EC%A0%95%EC%B9%98%EC%A0%81%C2%B7%EC%82%AC%ED%9A%8C%EC%A0%81+%EC%9D%98%EB%AF%B8%EB%A5%BC+%ED%9A%8D%EB%93%9D%ED%95%98%EB%8A%94%EA%B0%80%EC%9D%98+%EA%B3%BC%EC%A0%95%EC%97%90+%EC%9E%88%EB%8B%A4.+%EB%94%B0%EB%9D%BC%EC%84%9C+%E3%80%88%ED%8C%8C%EB%9E%80%EB%A7%8C%EC%9E%A5%E3%80%89%EC%97%90%EC%84%9C+%EC%88%9C%EA%B0%84%EC%A0%81%EC%9C%BC%EB%A1%9C+%EB%93%9C%EB%9F%AC%EB%82%98%EB%8A%94+%EC%BB%AC%EB%9F%AC+%EC%9D%B4%EB%AF%B8%EC%A7%80%EB%8A%94+%27%EC%84%A0%EB%AA%85%ED%95%9C+%EC%9B%90%EB%B3%B8%27%EC%9C%BC%EB%A1%9C%EC%9D%98+%ED%9A%8C%EA%B7%80%EA%B0%80+%EC%95%84%EB%8B%88%EB%9D%BC%2C+%EC%98%A4%ED%9E%88%EB%A0%A4+%EC%9D%B4%EB%AF%B8%EC%A7%80%EC%9D%98+%EC%A0%9C%EC%9E%91+%EC%A1%B0%EA%B1%B4%EA%B3%BC+%EA%B8%B0%EC%88%A0%EC%A0%81+%ED%95%9C%EA%B3%84%EB%A5%BC+%ED%8F%AD%EB%A1%9C%ED%95%A8%EC%9C%BC%EB%A1%9C%EC%8D%A8+%EA%B4%80%EA%B0%9D%EC%97%90%EA%B2%8C+%27%EC%96%B4%EB%96%A4+%EC%9D%B4%EB%AF%B8%EC%A7%80%EB%A5%BC%2C+%EC%96%B4%EB%96%BB%EA%B2%8C+%EB%B3%B4%EC%97%AC%EC%A4%84+%EA%B2%83%EC%9D%B8%EA%B0%80%27%EB%9D%BC%EB%8A%94+%EB%A7%A4%EC%B2%B4%EC%A0%81+%EC%84%A0%ED%83%9D%EC%9D%98+%EC%9C%A4%EB%A6%AC%EB%A5%BC+%EC%84%B1%EC%B0%B0%ED%95%98%EA%B2%8C+%EB%A7%8C%EB%93%9C%EB%8A%94+%EC%88%98%ED%96%89%EC%A0%81+%EC%9E%A5%EC%B9%98%EB%A1%9C+%EA%B8%B0%EB%8A%A5%ED%95%9C%EB%8B%A4.&rows=3
2026-05-26 07:03:23,469 [WARNING ] footnote_manager: Crossref 네트워크 오류: 429 Client Error: Too Many Requests for url: https://api.crossref.org/works?query=%EC%9C%A0%EC%A7%80%EB%82%98%2C+%E3%80%8C%E3%80%88%EC%86%8C%EA%B3%B5%EB%85%80%E3%80%89%2C+%EC%B7%A8%ED%96%A5%EC%9D%98+%EB%B0%B0%EC%B9%98%EC%99%80+%ED%83%88%EC%98%81%ED%86%A0%ED%99%94+%EC%97%AC%EC%A0%95+%EC%97%B0%EA%B5%AC%E3%80%8D%2C+%E3%80%8E%EC%94%A8%EB%84%A4%ED%8F%AC%EB%9F%BC%E3%80%8F+44%ED%98%B8+%282021%29%3A+93.&rows=3
2026-05-26 07:03:23,499 [WARNING ] footnote_manager: Crossref 결과 없음: '스마트폰으로 영화를 보는 것은 더 이상 '열등한' 경험이 아니라, '친밀하고(intimate)', '사적인('
2026-05-26 07:03:23,539 [WARNING ] footnote_manager: Crossref 결과 없음: '본고에서는 j. l. 오스틴(j. l. austin)으로부터 시작되어 확장된 수행(performance) 개'
2026-05-26 07:03:23,550 [WARNING ] footnote_manager: Crossref 결과 없음: 'kt 홍보라는 태생적 목적 때문에, 이 영화는 최대한 많은 사람이 보는 것이 중요했고, 따라서 온라인 무료 '
2026-05-26 07:03:23,552 [INFO    ] footnote_manager: 낮은 신뢰도 (0.00) — 매칭 제외: '같은 책.'
2026-05-26 07:03:23,609 [WARNING ] footnote_manager: Crossref 결과 없음: '들뢰즈·가타리, 『천 개의 고원』, 452–453. 이들은 '-되기'를 "모방도 아니고 동화도 아니"며, 두'
2026-05-26 07:03:23,674 [INFO    ] footnote_manager: 낮은 신뢰도 (0.00) — 매칭 제외: 'PARKing CHANce, 2011, [29:12] 캡처.'
